<?xml version="1.0" encoding="UTF-8"?>
<map:map xmlns:map="http://www.indy.com/v2/map" id="_asja8D50Ee2HIsvGuwi14w" internalVersion="8" tech="resource.tech#_waYSMH8VEd2__Mzb_dB76A?fileId=_waYSMH8VEd2__Mzb_dB76A$type=tech$name=flow?">
  <datastore id="_btG5AD50Ee2HIsvGuwi14w" alias="FACT_BOOKING" dataset="_btHgJD50Ee2HIsvGuwi14w" ref="resource.md#_JZqOED44Ee27Rbg9YrGf1Q?fileId=__IDbYD43Ee27Rbg9YrGf1Q$type=md$name=FACT_BOOKING?" subExpression="[A]">
    <field id="_btHgEj50Ee2HIsvGuwi14w" enable="true" insert="true" name="CUS_ID" ref="resource.md#_JZxi2D44Ee27Rbg9YrGf1Q?fileId=__IDbYD43Ee27Rbg9YrGf1Q$type=md$name=CUS_ID?" update="true" updateKey="true">
      <expression id="_6ERrwD50Ee2HIsvGuwi14w" setDescriptorRef="_6ERrwT50Ee2HIsvGuwi14w">
        <expression>t_bdr_pln_cus.cus_id</expression>
      </expression>
    </field>
    <field id="_btHgEz50Ee2HIsvGuwi14w" enable="true" insert="true" name="TIME_KEY_DAY" ref="resource.md#_JZxi4D44Ee27Rbg9YrGf1Q?fileId=__IDbYD43Ee27Rbg9YrGf1Q$type=md$name=TIME_KEY_DAY?" update="true" updateKey="true">
      <expression id="_6ERrwj50Ee2HIsvGuwi14w" setDescriptorRef="_6ERrwT50Ee2HIsvGuwi14w">
        <expression>dim_time.time_key_day</expression>
      </expression>
    </field>
    <field id="_btHgFz50Ee2HIsvGuwi14w" enable="true" insert="true" name="UPDATE_DATE" ref="resource.md#_JZxi_z44Ee27Rbg9YrGf1Q?fileId=__IDbYD43Ee27Rbg9YrGf1Q$type=md$name=UPDATE_DATE?" update="true">
      <expression id="_6ERrwz50Ee2HIsvGuwi14w" location="TRG" setDescriptorRef="_6ERrwT50Ee2HIsvGuwi14w">
        <expression>tr::currentTimestamp()</expression>
      </expression>
    </field>
    <field id="_btHgFD50Ee2HIsvGuwi14w" enable="true" insert="true" name="BDR_ID" ref="resource.md#_JZxi5z44Ee27Rbg9YrGf1Q?fileId=__IDbYD43Ee27Rbg9YrGf1Q$type=md$name=BDR_ID?" update="true" updateKey="true">
      <expression id="_6ERrxD50Ee2HIsvGuwi14w" setDescriptorRef="_6ERrwT50Ee2HIsvGuwi14w">
        <expression>t_bdr_pln_cus.bdr_id</expression>
      </expression>
    </field>
    <field id="_btHgFj50Ee2HIsvGuwi14w" enable="true" insert="true" name="BOK_BOOKED" ref="resource.md#_JZxi9z44Ee27Rbg9YrGf1Q?fileId=__IDbYD43Ee27Rbg9YrGf1Q$type=md$name=BOK_BOOKED?" update="true">
      <expression id="_6ERrxT50Ee2HIsvGuwi14w" setDescriptorRef="_6ERrwT50Ee2HIsvGuwi14w">
        <expression><![CDATA[case
      when T_BDR_PLN_CUS.PLN_CUS_BOOKED = 'true' then 1
      else 0
end]]></expression>
      </expression>
    </field>
    <field id="_btHgET50Ee2HIsvGuwi14w" name="BOK_KEY_ID" ref="resource.md#_JZxi0D44Ee27Rbg9YrGf1Q?fileId=__IDbYD43Ee27Rbg9YrGf1Q$type=md$name=BOK_KEY_ID?" updateKey="false">
      <expression id="_6ERrxj50Ee2HIsvGuwi14w" setDescriptorRef="_6ERrwT50Ee2HIsvGuwi14w"/>
    </field>
    <field id="_btHgFT50Ee2HIsvGuwi14w" enable="true" insert="true" name="BOK_PEOPLE" ref="resource.md#_JZxi7z44Ee27Rbg9YrGf1Q?fileId=__IDbYD43Ee27Rbg9YrGf1Q$type=md$name=BOK_PEOPLE?" update="true">
      <expression id="_6ERrxz50Ee2HIsvGuwi14w" setDescriptorRef="_6ERrwT50Ee2HIsvGuwi14w">
        <expression>t_bdr_pln_cus.pln_cus_pers_count</expression>
      </expression>
    </field>
    <constraint id="_btHgGD50Ee2HIsvGuwi14w" name="FK_FACT_BOOKING_BDR" ref="resource.md#_JbFKYD44Ee27Rbg9YrGf1Q?fileId=__IDbYD43Ee27Rbg9YrGf1Q$type=md$name=FK_FACT_BOOKING_BDR?" reject="true"/>
    <constraint id="_btHgGT50Ee2HIsvGuwi14w" name="PK_FACT_BOOKING" ref="resource.md#_JZxjBj44Ee27Rbg9YrGf1Q?fileId=__IDbYD43Ee27Rbg9YrGf1Q$type=md$name=PK_FACT_BOOKING?" reject="true"/>
    <constraint id="_btHgGj50Ee2HIsvGuwi14w" name="FK_FACT_BOOKING_TIME" ref="resource.md#_JbFKaD44Ee27Rbg9YrGf1Q?fileId=__IDbYD43Ee27Rbg9YrGf1Q$type=md$name=FK_FACT_BOOKING_TIME?" reject="true"/>
    <constraint id="_btHgGz50Ee2HIsvGuwi14w" name="FK_FACT_BOOKING_CUS" ref="resource.md#_JbFKZD44Ee27Rbg9YrGf1Q?fileId=__IDbYD43Ee27Rbg9YrGf1Q$type=md$name=FK_FACT_BOOKING_CUS?" reject="true"/>
    <setDescriptor id="_6ERrwT50Ee2HIsvGuwi14w" label="A"/>
  </datastore>
  <datastore id="_0ajDID50Ee2HIsvGuwi14w" alias="DIM_TIME" dataset="_16qyID50Ee2HIsvGuwi14w" ref="resource.md#_Jarh1D44Ee27Rbg9YrGf1Q?fileId=__IDbYD43Ee27Rbg9YrGf1Q$type=md$name=DIM_TIME?">
    <field id="_0ajDIz50Ee2HIsvGuwi14w" fullAlias="TIME_DATE" name="TIME_DATE" ref="resource.md#_Jarh3j44Ee27Rbg9YrGf1Q?fileId=__IDbYD43Ee27Rbg9YrGf1Q$type=md$name=TIME_DATE?"/>
    <field id="_0ajDJT50Ee2HIsvGuwi14w" name="TIME_WEEK_DAY" ref="resource.md#_Jarh7T44Ee27Rbg9YrGf1Q?fileId=__IDbYD43Ee27Rbg9YrGf1Q$type=md$name=TIME_WEEK_DAY?"/>
    <field id="_0ajDJj50Ee2HIsvGuwi14w" name="TIME_DAY_NAME" ref="resource.md#_Jarh9T44Ee27Rbg9YrGf1Q?fileId=__IDbYD43Ee27Rbg9YrGf1Q$type=md$name=TIME_DAY_NAME?"/>
    <field id="_0ajDKT50Ee2HIsvGuwi14w" name="TIME_QUARTER" ref="resource.md#_JariCz44Ee27Rbg9YrGf1Q?fileId=__IDbYD43Ee27Rbg9YrGf1Q$type=md$name=TIME_QUARTER?"/>
    <field id="_0ajDKD50Ee2HIsvGuwi14w" name="TIME_MONTH_NAME" ref="resource.md#_JariBD44Ee27Rbg9YrGf1Q?fileId=__IDbYD43Ee27Rbg9YrGf1Q$type=md$name=TIME_MONTH_NAME?"/>
    <field id="_0ajDJD50Ee2HIsvGuwi14w" name="TIME_MONTH_DAY" ref="resource.md#_Jarh5T44Ee27Rbg9YrGf1Q?fileId=__IDbYD43Ee27Rbg9YrGf1Q$type=md$name=TIME_MONTH_DAY?"/>
    <field id="_0ajDJz50Ee2HIsvGuwi14w" name="TIME_MONTH" ref="resource.md#_Jarh_D44Ee27Rbg9YrGf1Q?fileId=__IDbYD43Ee27Rbg9YrGf1Q$type=md$name=TIME_MONTH?"/>
    <field id="_0ajDKj50Ee2HIsvGuwi14w" name="TIME_YEAR" ref="resource.md#_JariEz44Ee27Rbg9YrGf1Q?fileId=__IDbYD43Ee27Rbg9YrGf1Q$type=md$name=TIME_YEAR?"/>
    <field id="_0ajDIj50Ee2HIsvGuwi14w" fullAlias="TIME_KEY_DAY" name="TIME_KEY_DAY" ref="resource.md#_Jarh1z44Ee27Rbg9YrGf1Q?fileId=__IDbYD43Ee27Rbg9YrGf1Q$type=md$name=TIME_KEY_DAY?" updateKey="true"/>
    <constraint id="_0ajDKz50Ee2HIsvGuwi14w" name="PK_DIM_TIME" ref="resource.md#_JariGz44Ee27Rbg9YrGf1Q?fileId=__IDbYD43Ee27Rbg9YrGf1Q$type=md$name=PK_DIM_TIME?" reject="true"/>
  </datastore>
  <datastore id="_16qyED50Ee2HIsvGuwi14w" alias="T_BDR_PLN_CUS" dataset="_16qyID50Ee2HIsvGuwi14w" ref="resource.md#_W5uukT49Ee27Rbg9YrGf1Q?fileId=_SuIQ0D49Ee27Rbg9YrGf1Q$type=md$name=T_BDR_PLN_CUS?">
    <field id="_16qyFj50Ee2HIsvGuwi14w" fullAlias="PLN_CUS_BOOKED" name="PLN_CUS_BOOKED" ref="resource.md#_W55Gvz49Ee27Rbg9YrGf1Q?fileId=_SuIQ0D49Ee27Rbg9YrGf1Q$type=md$name=PLN_CUS_BOOKED?"/>
    <field id="_16qyEj50Ee2HIsvGuwi14w" fullAlias="BDR_ID" name="BDR_ID" ref="resource.md#_W55GoD49Ee27Rbg9YrGf1Q?fileId=_SuIQ0D49Ee27Rbg9YrGf1Q$type=md$name=BDR_ID?" updateKey="true"/>
    <field id="_16qyEz50Ee2HIsvGuwi14w" fullAlias="PLN_DAY" name="PLN_DAY" ref="resource.md#_W55GqD49Ee27Rbg9YrGf1Q?fileId=_SuIQ0D49Ee27Rbg9YrGf1Q$type=md$name=PLN_DAY?" updateKey="true"/>
    <field id="_16qyFD50Ee2HIsvGuwi14w" fullAlias="CUS_ID" name="CUS_ID" ref="resource.md#_W55Grz49Ee27Rbg9YrGf1Q?fileId=_SuIQ0D49Ee27Rbg9YrGf1Q$type=md$name=CUS_ID?"/>
    <field id="_16qyFT50Ee2HIsvGuwi14w" fullAlias="PLN_CUS_PERS_COUNT" name="PLN_CUS_PERS_COUNT" ref="resource.md#_W55Gtz49Ee27Rbg9YrGf1Q?fileId=_SuIQ0D49Ee27Rbg9YrGf1Q$type=md$name=PLN_CUS_PERS_COUNT?"/>
    <constraint id="_16qyFz50Ee2HIsvGuwi14w" name="FK_BDR_PLN_PLANNING" ref="resource.md#_W7S06T49Ee27Rbg9YrGf1Q?fileId=_SuIQ0D49Ee27Rbg9YrGf1Q$type=md$name=FK_BDR_PLN_PLANNING?" reject="true"/>
    <constraint id="_16qyGD50Ee2HIsvGuwi14w" name="FK_BDR_PLN_CUSTOMER" ref="resource.md#_W7S05T49Ee27Rbg9YrGf1Q?fileId=_SuIQ0D49Ee27Rbg9YrGf1Q$type=md$name=FK_BDR_PLN_CUSTOMER?" reject="true"/>
    <constraint id="_16qyGT50Ee2HIsvGuwi14w" name="FK_BDR_PLN_BEDROOM" ref="resource.md#_W7S04T49Ee27Rbg9YrGf1Q?fileId=_SuIQ0D49Ee27Rbg9YrGf1Q$type=md$name=FK_BDR_PLN_BEDROOM?" reject="true"/>
    <constraint id="_16qyGj50Ee2HIsvGuwi14w" name="PK_T_BDR_PLN_CUS" ref="resource.md#_W55Gxj49Ee27Rbg9YrGf1Q?fileId=_SuIQ0D49Ee27Rbg9YrGf1Q$type=md$name=PK_T_BDR_PLN_CUS?" reject="true"/>
  </datastore>
  <join id="_L7bTgD51Ee2HIsvGuwi14w" location="WRK" left="_0ajDID50Ee2HIsvGuwi14w" order="10" right="_16qyED50Ee2HIsvGuwi14w">
    <expression>DIM_TIME.TIME_DATE = T_BDR_PLN_CUS.PLN_DAY</expression>
  </join>
  <template id="_6EbcyD50Ee2HIsvGuwi14w" name="L1_FACT_BOOKING" process="resource.proc#_aafbe681-11ab-4ebc-ab56-de794128c580?fileId=_aafbe681-11ab-4ebc-ab56-de794128c580$type=proc$name=LOAD%20Rdbms%20to%20Rdbms?" sourceId="_16qyED50Ee2HIsvGuwi14w" targetId="_btG5AD50Ee2HIsvGuwi14w"/>
  <template id="_6EegNT50Ee2HIsvGuwi14w" name="I_FACT_BOOKING" process="resource.proc#_HFOfdjEZEd-WZe6cNi2k2w?fileId=_HFOfdjEZEd-WZe6cNi2k2w$type=proc$name=INTEGRATION%20Hsql?" targetId="_btG5AD50Ee2HIsvGuwi14w"/>
  <dataSet id="_btHgJD50Ee2HIsvGuwi14w">
    <container>_btG5AD50Ee2HIsvGuwi14w</container>
  </dataSet>
  <dataSet id="_16qyID50Ee2HIsvGuwi14w">
    <container>_16qyED50Ee2HIsvGuwi14w</container>
    <container>_0ajDID50Ee2HIsvGuwi14w</container>
  </dataSet>
  <udfRef id="_FkHzMD51Ee2HIsvGuwi14w" ref="udf:/udf#tr!currentTimestamp!0?fileId=UUID_REGISTRY_UDF$name=tr::currentTimestamp$type=udf?"/>
  <hint>
    <usedField>#_0ajDIz50Ee2HIsvGuwi14w</usedField>
    <usedField>#_0ajDIj50Ee2HIsvGuwi14w</usedField>
    <usedField>#_16qyFj50Ee2HIsvGuwi14w</usedField>
    <usedField>#_16qyEj50Ee2HIsvGuwi14w</usedField>
    <usedField>#_16qyEz50Ee2HIsvGuwi14w</usedField>
    <usedField>#_16qyFD50Ee2HIsvGuwi14w</usedField>
    <usedField>#_16qyFT50Ee2HIsvGuwi14w</usedField>
  </hint>
  <diagram><![CDATA[<?xml version="1.0" encoding="UTF-8"?>
<notation:Diagram xmi:version="2.0" xmlns:xmi="http://www.omg.org/XMI" xmlns:xsi="http://www.w3.org/2001/XMLSchema-instance" xmlns:map="http://www.indy.com/v2/map" xmlns:notation="http://www.eclipse.org/gmf/runtime/1.0.1/notation" xsi:schemaLocation="http://www.eclipse.org/gmf/runtime/1.0.1/notation " xmi:id="_auUVgj50Ee2HIsvGuwi14w" type="Map" measurementUnit="Pixel">
  <children xmi:type="notation:Node" xmi:id="_L7lrlz51Ee2HIsvGuwi14w" type="2005">
    <styles xmi:type="notation:DescriptionStyle" xmi:id="_L7lrmD51Ee2HIsvGuwi14w"/>
    <styles xmi:type="notation:FontStyle" xmi:id="_L7lrmT51Ee2HIsvGuwi14w" fontName="Segoe UI"/>
    <styles xmi:type="notation:FillStyle" xmi:id="_L7lrmj51Ee2HIsvGuwi14w"/>
    <element xmi:type="map:Join" href="resource.map#_L7bTgD51Ee2HIsvGuwi14w?fileId=_asja8D50Ee2HIsvGuwi14w$type=map?"/>
    <layoutConstraint xmi:type="notation:Bounds" xmi:id="_L7lrmz51Ee2HIsvGuwi14w" x="364" y="295"/>
  </children>
  <children xmi:type="notation:Shape" xmi:id="_161KKj50Ee2HIsvGuwi14w" type="2004" fontName="Segoe UI">
    <children xmi:type="notation:DecorationNode" xmi:id="_161KLD50Ee2HIsvGuwi14w" type="5005"/>
    <children xmi:type="notation:DecorationNode" xmi:id="_161KLT50Ee2HIsvGuwi14w" type="5007"/>
    <children xmi:type="notation:DecorationNode" xmi:id="_161KLj50Ee2HIsvGuwi14w" type="7003"/>
    <children xmi:type="notation:DecorationNode" xmi:id="_161KLz50Ee2HIsvGuwi14w" type="7009"/>
    <children xmi:type="notation:BasicCompartment" xmi:id="_161KMD50Ee2HIsvGuwi14w" type="7004">
      <styles xmi:type="notation:SortingStyle" xmi:id="_161KMT50Ee2HIsvGuwi14w"/>
      <styles xmi:type="notation:FilteringStyle" xmi:id="_161KMj50Ee2HIsvGuwi14w"/>
    </children>
    <children xmi:type="notation:DecorationNode" xmi:id="_161KMz50Ee2HIsvGuwi14w" type="5009">
      <styles xmi:type="notation:DrawerStyle" xmi:id="_161KND50Ee2HIsvGuwi14w"/>
    </children>
    <children xmi:type="notation:DecorationNode" xmi:id="_161KNT50Ee2HIsvGuwi14w" type="7005">
      <styles xmi:type="notation:SortingStyle" xmi:id="_161KNj50Ee2HIsvGuwi14w"/>
      <styles xmi:type="notation:FilteringStyle" xmi:id="_161KNz50Ee2HIsvGuwi14w"/>
    </children>
    <children xmi:type="notation:BasicCompartment" xmi:id="_161KOD50Ee2HIsvGuwi14w" type="7007"/>
    <element xmi:type="map:Datastore" href="resource.map#_16qyED50Ee2HIsvGuwi14w?fileId=_asja8D50Ee2HIsvGuwi14w$type=map?"/>
    <layoutConstraint xmi:type="notation:Bounds" xmi:id="_161KKz50Ee2HIsvGuwi14w" x="30" y="363"/>
  </children>
  <children xmi:type="notation:Shape" xmi:id="_btHgLT50Ee2HIsvGuwi14w" type="2004" fontName="Segoe UI">
    <children xmi:type="notation:DecorationNode" xmi:id="_btHgLz50Ee2HIsvGuwi14w" type="5005"/>
    <children xmi:type="notation:DecorationNode" xmi:id="_btHgMD50Ee2HIsvGuwi14w" type="5007"/>
    <children xmi:type="notation:DecorationNode" xmi:id="_btHgMT50Ee2HIsvGuwi14w" type="7003"/>
    <children xmi:type="notation:DecorationNode" xmi:id="_btHgMj50Ee2HIsvGuwi14w" type="7009"/>
    <children xmi:type="notation:BasicCompartment" xmi:id="_btHgMz50Ee2HIsvGuwi14w" type="7004">
      <styles xmi:type="notation:SortingStyle" xmi:id="_btHgND50Ee2HIsvGuwi14w"/>
      <styles xmi:type="notation:FilteringStyle" xmi:id="_btHgNT50Ee2HIsvGuwi14w"/>
    </children>
    <children xmi:type="notation:DecorationNode" xmi:id="_btHgNj50Ee2HIsvGuwi14w" type="5009">
      <styles xmi:type="notation:DrawerStyle" xmi:id="_btHgNz50Ee2HIsvGuwi14w"/>
    </children>
    <children xmi:type="notation:DecorationNode" xmi:id="_btHgOD50Ee2HIsvGuwi14w" type="7005">
      <styles xmi:type="notation:SortingStyle" xmi:id="_btHgOT50Ee2HIsvGuwi14w"/>
      <styles xmi:type="notation:FilteringStyle" xmi:id="_btHgOj50Ee2HIsvGuwi14w"/>
    </children>
    <children xmi:type="notation:BasicCompartment" xmi:id="_btHgOz50Ee2HIsvGuwi14w" type="7007"/>
    <element xmi:type="map:Datastore" href="resource.map#_btG5AD50Ee2HIsvGuwi14w?fileId=_asja8D50Ee2HIsvGuwi14w$type=map?"/>
    <layoutConstraint xmi:type="notation:Bounds" xmi:id="_btHgLj50Ee2HIsvGuwi14w" x="458" y="196"/>
  </children>
  <children xmi:type="notation:Shape" xmi:id="_0ajDPz50Ee2HIsvGuwi14w" type="2004" fontName="Segoe UI">
    <children xmi:type="notation:DecorationNode" xmi:id="_0ajDQT50Ee2HIsvGuwi14w" type="5005"/>
    <children xmi:type="notation:DecorationNode" xmi:id="_0ajDQj50Ee2HIsvGuwi14w" type="5007"/>
    <children xmi:type="notation:DecorationNode" xmi:id="_0ajDQz50Ee2HIsvGuwi14w" type="7003"/>
    <children xmi:type="notation:DecorationNode" xmi:id="_0ajDRD50Ee2HIsvGuwi14w" type="7009"/>
    <children xmi:type="notation:BasicCompartment" xmi:id="_0ajDRT50Ee2HIsvGuwi14w" type="7004">
      <styles xmi:type="notation:SortingStyle" xmi:id="_0ajDRj50Ee2HIsvGuwi14w"/>
      <styles xmi:type="notation:FilteringStyle" xmi:id="_0ajDRz50Ee2HIsvGuwi14w"/>
    </children>
    <children xmi:type="notation:DecorationNode" xmi:id="_0ajDSD50Ee2HIsvGuwi14w" type="5009">
      <styles xmi:type="notation:DrawerStyle" xmi:id="_0ajDST50Ee2HIsvGuwi14w"/>
    </children>
    <children xmi:type="notation:DecorationNode" xmi:id="_0ajDSj50Ee2HIsvGuwi14w" type="7005">
      <styles xmi:type="notation:SortingStyle" xmi:id="_0ajDSz50Ee2HIsvGuwi14w"/>
      <styles xmi:type="notation:FilteringStyle" xmi:id="_0ajDTD50Ee2HIsvGuwi14w"/>
    </children>
    <children xmi:type="notation:BasicCompartment" xmi:id="_0ajDTT50Ee2HIsvGuwi14w" type="7007"/>
    <element xmi:type="map:Datastore" href="resource.map#_0ajDID50Ee2HIsvGuwi14w?fileId=_asja8D50Ee2HIsvGuwi14w$type=map?"/>
    <layoutConstraint xmi:type="notation:Bounds" xmi:id="_0ajDQD50Ee2HIsvGuwi14w" x="30" y="30"/>
  </children>
  <styles xmi:type="notation:DiagramStyle" xmi:id="_auUVgz50Ee2HIsvGuwi14w"/>
  <element xmi:type="map:Map" href="resource.map#_asja8D50Ee2HIsvGuwi14w?fileId=_asja8D50Ee2HIsvGuwi14w$type=map$name=LoadFact_booking?"/>
  <edges xmi:type="notation:Edge" xmi:id="_6ERryT50Ee2HIsvGuwi14w" type="targetLink" source="_btHgLT50Ee2HIsvGuwi14w" target="_161KKj50Ee2HIsvGuwi14w">
    <element xsi:nil="true"/>
    <bendpoints xmi:type="notation:RelativeBendpoints" xmi:id="_6ERryj50Ee2HIsvGuwi14w" points="[0, 0, 154, -115]$[-154, 115, 0, 0]"/>
    <sourceAnchor xmi:type="notation:IdentityAnchor" xmi:id="_GZYx1j52Ee2HIsvGuwi14w" id="(0.0,0.7488789237668162)"/>
    <targetAnchor xmi:type="notation:IdentityAnchor" xmi:id="_GZYx1z52Ee2HIsvGuwi14w" id="(1.0,0.6647398843930635)"/>
  </edges>
  <edges xmi:type="notation:Edge" xmi:id="_6ERryz50Ee2HIsvGuwi14w" type="targetDataSetLink" source="_btHgLT50Ee2HIsvGuwi14w" target="_btHgLT50Ee2HIsvGuwi14w">
    <element xmi:type="map:DataSet" href="resource.map#_16qyID50Ee2HIsvGuwi14w?fileId=_asja8D50Ee2HIsvGuwi14w$type=map?"/>
    <bendpoints xmi:type="notation:RelativeBendpoints" xmi:id="_6ERrzD50Ee2HIsvGuwi14w" points="[0, 0, 0, 0]$[0, 0, 0, 0]"/>
  </edges>
  <edges xmi:type="notation:Edge" xmi:id="_6ERrzT50Ee2HIsvGuwi14w" type="targetSetLink" source="_btHgLT50Ee2HIsvGuwi14w" target="_btHgLT50Ee2HIsvGuwi14w">
    <element xmi:type="map:SetDescriptor" href="resource.map#_6ERrwT50Ee2HIsvGuwi14w?fileId=_asja8D50Ee2HIsvGuwi14w$type=map?"/>
    <bendpoints xmi:type="notation:RelativeBendpoints" xmi:id="_6ERrzj50Ee2HIsvGuwi14w" points="[0, 0, 0, 0]$[0, 0, 0, 0]"/>
  </edges>
  <edges xmi:type="notation:Edge" xmi:id="_9el2gD50Ee2HIsvGuwi14w" type="targetLink" source="_btHgLT50Ee2HIsvGuwi14w" target="_0ajDPz50Ee2HIsvGuwi14w">
    <element xsi:nil="true"/>
    <bendpoints xmi:type="notation:RelativeBendpoints" xmi:id="_9el2gT50Ee2HIsvGuwi14w" points="[0, 0, 170, 0]$[-170, 0, 0, 0]"/>
    <sourceAnchor xmi:type="notation:IdentityAnchor" xmi:id="_GZYx1D52Ee2HIsvGuwi14w" id="(0.0,0.24663677130044842)"/>
    <targetAnchor xmi:type="notation:IdentityAnchor" xmi:id="_GZYx1T52Ee2HIsvGuwi14w" id="(1.0,0.8095238095238095)"/>
  </edges>
  <edges xmi:type="notation:Edge" xmi:id="_L7lrnD51Ee2HIsvGuwi14w" type="joinLink" source="_L7lrlz51Ee2HIsvGuwi14w" target="_0ajDPz50Ee2HIsvGuwi14w">
    <element xsi:nil="true"/>
    <bendpoints xmi:type="notation:RelativeBendpoints" xmi:id="_L7lrnT51Ee2HIsvGuwi14w" points="[17, 0, 804, 32]$[77, 0, 864, 32]"/>
    <sourceAnchor xmi:type="notation:IdentityAnchor" xmi:id="_GZYx0D52Ee2HIsvGuwi14w" id="(1.0,0.48)"/>
    <targetAnchor xmi:type="notation:IdentityAnchor" xmi:id="_GZYx0T52Ee2HIsvGuwi14w" id="(1.0,0.9047619047619048)"/>
  </edges>
  <edges xmi:type="notation:Edge" xmi:id="_L7lrnj51Ee2HIsvGuwi14w" type="joinLink" source="_L7lrlz51Ee2HIsvGuwi14w" target="_161KKj50Ee2HIsvGuwi14w">
    <element xsi:nil="true"/>
    <bendpoints xmi:type="notation:RelativeBendpoints" xmi:id="_L7lrnz51Ee2HIsvGuwi14w" points="[17, 0, 798, -293]$[77, 0, 858, -293]"/>
    <sourceAnchor xmi:type="notation:IdentityAnchor" xmi:id="_GZYx0j52Ee2HIsvGuwi14w" id="(1.0,0.48)"/>
    <targetAnchor xmi:type="notation:IdentityAnchor" xmi:id="_GZYx0z52Ee2HIsvGuwi14w" id="(1.0,0.32947976878612717)"/>
  </edges>
</notation:Diagram>
]]></diagram>
</map:map>