<?xml version="1.0" encoding="UTF-8"?>
<map:map xmlns:map="http://www.indy.com/v2/map" id="_3U-m_T_HEe2HIsvGuwi14w" internalVersion="8" tech="resource.tech#_waYSMH8VEd2__Mzb_dB76A?fileId=_waYSMH8VEd2__Mzb_dB76A$type=tech$name=flow?">
  <datastore id="_3U_N8D_HEe2HIsvGuwi14w" alias="T_CUSTOMER" dataset="_3VAcST_HEe2HIsvGuwi14w" ref="resource.md#_W6rJ6T49Ee27Rbg9YrGf1Q?fileId=_SuIQ0D49Ee27Rbg9YrGf1Q$type=md$name=T_CUSTOMER?">
    <field id="_3U_N8T_HEe2HIsvGuwi14w" fullAlias="TIT_CODE" name="TIT_CODE" ref="resource.md#_W6rJ9D49Ee27Rbg9YrGf1Q?fileId=_SuIQ0D49Ee27Rbg9YrGf1Q$type=md$name=TIT_CODE?"/>
    <field id="_3U_1AD_HEe2HIsvGuwi14w" fullAlias="CUS_FIRST_NAME" name="CUS_FIRST_NAME" ref="resource.md#_W6rKAj49Ee27Rbg9YrGf1Q?fileId=_SuIQ0D49Ee27Rbg9YrGf1Q$type=md$name=CUS_FIRST_NAME?"/>
    <field id="_3U_1AT_HEe2HIsvGuwi14w" fullAlias="CUS_BIRTH_DATE" name="CUS_BIRTH_DATE" ref="resource.md#_W6rKED49Ee27Rbg9YrGf1Q?fileId=_SuIQ0D49Ee27Rbg9YrGf1Q$type=md$name=CUS_BIRTH_DATE?"/>
    <field id="_3U_1Aj_HEe2HIsvGuwi14w" fullAlias="CUS_ID" name="CUS_ID" ref="resource.md#_W6rJ7D49Ee27Rbg9YrGf1Q?fileId=_SuIQ0D49Ee27Rbg9YrGf1Q$type=md$name=CUS_ID?" updateKey="true"/>
    <field id="_3U_1Az_HEe2HIsvGuwi14w" fullAlias="CUS_LAST_NAME" name="CUS_LAST_NAME" ref="resource.md#_W6rJ-z49Ee27Rbg9YrGf1Q?fileId=_SuIQ0D49Ee27Rbg9YrGf1Q$type=md$name=CUS_LAST_NAME?"/>
    <field id="_3U_1BD_HEe2HIsvGuwi14w" fullAlias="CUS_COMPANY" name="CUS_COMPANY" ref="resource.md#_W6rKCT49Ee27Rbg9YrGf1Q?fileId=_SuIQ0D49Ee27Rbg9YrGf1Q$type=md$name=CUS_COMPANY?"/>
    <constraint id="_3U_1BT_HEe2HIsvGuwi14w" name="FK_CUSTOMER_TITLE" ref="resource.md#_W7cl4D49Ee27Rbg9YrGf1Q?fileId=_SuIQ0D49Ee27Rbg9YrGf1Q$type=md$name=FK_CUSTOMER_TITLE?" reject="true"/>
    <constraint id="_3U_1Bj_HEe2HIsvGuwi14w" name="PK_T_CUSTOMER" ref="resource.md#_W606wD49Ee27Rbg9YrGf1Q?fileId=_SuIQ0D49Ee27Rbg9YrGf1Q$type=md$name=PK_T_CUSTOMER?" reject="true"/>
  </datastore>
  <datastore id="_3U_1Bz_HEe2HIsvGuwi14w" alias="T_TITLE" dataset="_3VAcST_HEe2HIsvGuwi14w" ref="resource.md#_W6C3oT49Ee27Rbg9YrGf1Q?fileId=_SuIQ0D49Ee27Rbg9YrGf1Q$type=md$name=T_TITLE?">
    <field id="_3U_1CD_HEe2HIsvGuwi14w" fullAlias="TIT_NAME" name="TIT_NAME" ref="resource.md#_W6C3qz49Ee27Rbg9YrGf1Q?fileId=_SuIQ0D49Ee27Rbg9YrGf1Q$type=md$name=TIT_NAME?"/>
    <field id="_3U_1CT_HEe2HIsvGuwi14w" fullAlias="TIT_CODE" name="TIT_CODE" ref="resource.md#_W6C3pD49Ee27Rbg9YrGf1Q?fileId=_SuIQ0D49Ee27Rbg9YrGf1Q$type=md$name=TIT_CODE?" updateKey="true"/>
    <constraint id="_3U_1Cj_HEe2HIsvGuwi14w" name="PK_T_TITLE" ref="resource.md#_W6C3sj49Ee27Rbg9YrGf1Q?fileId=_SuIQ0D49Ee27Rbg9YrGf1Q$type=md$name=PK_T_TITLE?" reject="true"/>
  </datastore>
  <datastore id="_3U_1Cz_HEe2HIsvGuwi14w" alias="T_PHONE" dataset="_3VAcST_HEe2HIsvGuwi14w" ref="resource.md#_W607HD49Ee27Rbg9YrGf1Q?fileId=_SuIQ0D49Ee27Rbg9YrGf1Q$type=md$name=T_PHONE?">
    <field id="_3U_1DD_HEe2HIsvGuwi14w" fullAlias="PHO_NUMBER" name="PHO_NUMBER" ref="resource.md#_W6-r1z49Ee27Rbg9YrGf1Q?fileId=_SuIQ0D49Ee27Rbg9YrGf1Q$type=md$name=PHO_NUMBER?"/>
    <field id="_3U_1DT_HEe2HIsvGuwi14w" fullAlias="PHO_PHONING_ALLOWED" name="PHO_PHONING_ALLOWED" ref="resource.md#_W6-r3j49Ee27Rbg9YrGf1Q?fileId=_SuIQ0D49Ee27Rbg9YrGf1Q$type=md$name=PHO_PHONING_ALLOWED?"/>
    <field id="_3U_1Dj_HEe2HIsvGuwi14w" fullAlias="CUS_ID" name="CUS_ID" ref="resource.md#_W6-ryD49Ee27Rbg9YrGf1Q?fileId=_SuIQ0D49Ee27Rbg9YrGf1Q$type=md$name=CUS_ID?"/>
    <field id="_3U_1Dz_HEe2HIsvGuwi14w" fullAlias="PHO_ID" name="PHO_ID" ref="resource.md#_W6-rwD49Ee27Rbg9YrGf1Q?fileId=_SuIQ0D49Ee27Rbg9YrGf1Q$type=md$name=PHO_ID?" updateKey="true"/>
    <field id="_3U_1ED_HEe2HIsvGuwi14w" fullAlias="PHT_CODE" name="PHT_CODE" ref="resource.md#_W6-r0D49Ee27Rbg9YrGf1Q?fileId=_SuIQ0D49Ee27Rbg9YrGf1Q$type=md$name=PHT_CODE?"/>
    <constraint id="_3U_1ET_HEe2HIsvGuwi14w" name="PK_T_PHONE" ref="resource.md#_W6-r5T49Ee27Rbg9YrGf1Q?fileId=_SuIQ0D49Ee27Rbg9YrGf1Q$type=md$name=PK_T_PHONE?" reject="true"/>
    <constraint id="_3U_1Ej_HEe2HIsvGuwi14w" name="FK_PHONE_CUSTOMER" ref="resource.md#_W7mW1D49Ee27Rbg9YrGf1Q?fileId=_SuIQ0D49Ee27Rbg9YrGf1Q$type=md$name=FK_PHONE_CUSTOMER?" reject="true"/>
    <constraint id="_3U_1Ez_HEe2HIsvGuwi14w" name="FK_PHONE_PHONE_TYPE" ref="resource.md#_W7mW2D49Ee27Rbg9YrGf1Q?fileId=_SuIQ0D49Ee27Rbg9YrGf1Q$type=md$name=FK_PHONE_PHONE_TYPE?" reject="true"/>
  </datastore>
  <datastore id="_3U_1FD_HEe2HIsvGuwi14w" alias="T_PHONE_TYPE" dataset="_3VAcST_HEe2HIsvGuwi14w" ref="resource.md#_W6YO8T49Ee27Rbg9YrGf1Q?fileId=_SuIQ0D49Ee27Rbg9YrGf1Q$type=md$name=T_PHONE_TYPE?">
    <field id="_3U_1FT_HEe2HIsvGuwi14w" fullAlias="PHT_CODE" name="PHT_CODE" ref="resource.md#_W6h_0D49Ee27Rbg9YrGf1Q?fileId=_SuIQ0D49Ee27Rbg9YrGf1Q$type=md$name=PHT_CODE?" updateKey="true"/>
    <field id="_3U_1Fj_HEe2HIsvGuwi14w" fullAlias="PHT_NAME" name="PHT_NAME" ref="resource.md#_W6h_1z49Ee27Rbg9YrGf1Q?fileId=_SuIQ0D49Ee27Rbg9YrGf1Q$type=md$name=PHT_NAME?"/>
    <constraint id="_3U_1Fz_HEe2HIsvGuwi14w" name="PK_T_PHONE_TYPE" ref="resource.md#_W6h_3j49Ee27Rbg9YrGf1Q?fileId=_SuIQ0D49Ee27Rbg9YrGf1Q$type=md$name=PK_T_PHONE_TYPE?" reject="true"/>
  </datastore>
  <datastore id="_3U_1GD_HEe2HIsvGuwi14w" alias="T_ADDRESS" dataset="_3VAcST_HEe2HIsvGuwi14w" ref="resource.md#_W606xD49Ee27Rbg9YrGf1Q?fileId=_SuIQ0D49Ee27Rbg9YrGf1Q$type=md$name=T_ADDRESS?">
    <field id="_3U_1GT_HEe2HIsvGuwi14w" fullAlias="CUS_ID" name="CUS_ID" ref="resource.md#_W606zz49Ee27Rbg9YrGf1Q?fileId=_SuIQ0D49Ee27Rbg9YrGf1Q$type=md$name=CUS_ID?"/>
    <field id="_3U_1Gj_HEe2HIsvGuwi14w" fullAlias="ADR_LINE1" name="ADR_LINE1" ref="resource.md#_W6061z49Ee27Rbg9YrGf1Q?fileId=_SuIQ0D49Ee27Rbg9YrGf1Q$type=md$name=ADR_LINE1?"/>
    <field id="_3U_1Gz_HEe2HIsvGuwi14w" fullAlias="ADR_LINE2" name="ADR_LINE2" ref="resource.md#_W6063j49Ee27Rbg9YrGf1Q?fileId=_SuIQ0D49Ee27Rbg9YrGf1Q$type=md$name=ADR_LINE2?"/>
    <field id="_3U_1HD_HEe2HIsvGuwi14w" fullAlias="ADR_LINE3" name="ADR_LINE3" ref="resource.md#_W6065T49Ee27Rbg9YrGf1Q?fileId=_SuIQ0D49Ee27Rbg9YrGf1Q$type=md$name=ADR_LINE3?"/>
    <field id="_3U_1HT_HEe2HIsvGuwi14w" fullAlias="ADR_ZIP_CODE" name="ADR_ZIP_CODE" ref="resource.md#_W6068z49Ee27Rbg9YrGf1Q?fileId=_SuIQ0D49Ee27Rbg9YrGf1Q$type=md$name=ADR_ZIP_CODE?"/>
    <field id="_3U_1Hj_HEe2HIsvGuwi14w" name="ADR_LAT" ref="resource.md#_W607CD49Ee27Rbg9YrGf1Q?fileId=_SuIQ0D49Ee27Rbg9YrGf1Q$type=md$name=ADR_LAT?"/>
    <field id="_3U_1Hz_HEe2HIsvGuwi14w" fullAlias="ADR_CITY" name="ADR_CITY" ref="resource.md#_W606-j49Ee27Rbg9YrGf1Q?fileId=_SuIQ0D49Ee27Rbg9YrGf1Q$type=md$name=ADR_CITY?"/>
    <field id="_3U_1ID_HEe2HIsvGuwi14w" fullAlias="ADR_STATE_CODE" name="ADR_STATE_CODE" ref="resource.md#_W607AT49Ee27Rbg9YrGf1Q?fileId=_SuIQ0D49Ee27Rbg9YrGf1Q$type=md$name=ADR_STATE_CODE?"/>
    <field id="_3U_1IT_HEe2HIsvGuwi14w" fullAlias="ADR_LINE4" name="ADR_LINE4" ref="resource.md#_W6067D49Ee27Rbg9YrGf1Q?fileId=_SuIQ0D49Ee27Rbg9YrGf1Q$type=md$name=ADR_LINE4?"/>
    <field id="_3U_1Ij_HEe2HIsvGuwi14w" fullAlias="ADR_ID" name="ADR_ID" ref="resource.md#_W606xz49Ee27Rbg9YrGf1Q?fileId=_SuIQ0D49Ee27Rbg9YrGf1Q$type=md$name=ADR_ID?" updateKey="true"/>
    <field id="_3U_1Iz_HEe2HIsvGuwi14w" name="ADR_LON" ref="resource.md#_W607ED49Ee27Rbg9YrGf1Q?fileId=_SuIQ0D49Ee27Rbg9YrGf1Q$type=md$name=ADR_LON?"/>
    <constraint id="_3U_1JD_HEe2HIsvGuwi14w" name="FK_ADDRESS_CUSTOMER" ref="resource.md#_W7mW0D49Ee27Rbg9YrGf1Q?fileId=_SuIQ0D49Ee27Rbg9YrGf1Q$type=md$name=FK_ADDRESS_CUSTOMER?" reject="true"/>
    <constraint id="_3U_1JT_HEe2HIsvGuwi14w" name="PK_T_ADDRESS" ref="resource.md#_W607GD49Ee27Rbg9YrGf1Q?fileId=_SuIQ0D49Ee27Rbg9YrGf1Q$type=md$name=PK_T_ADDRESS?" reject="true"/>
  </datastore>
  <datastore id="_3U_1Jj_HEe2HIsvGuwi14w" alias="T_EMAIL" dataset="_3VAcST_HEe2HIsvGuwi14w" ref="resource.md#_W6h_4j49Ee27Rbg9YrGf1Q?fileId=_SuIQ0D49Ee27Rbg9YrGf1Q$type=md$name=T_EMAIL?">
    <field id="_3U_1Jz_HEe2HIsvGuwi14w" fullAlias="EML_ADDRESS" name="EML_ADDRESS" ref="resource.md#_W6rJ0D49Ee27Rbg9YrGf1Q?fileId=_SuIQ0D49Ee27Rbg9YrGf1Q$type=md$name=EML_ADDRESS?"/>
    <field id="_3U_1KD_HEe2HIsvGuwi14w" fullAlias="EML_MAILING_ALLOWED" name="EML_MAILING_ALLOWED" ref="resource.md#_W6rJ3j49Ee27Rbg9YrGf1Q?fileId=_SuIQ0D49Ee27Rbg9YrGf1Q$type=md$name=EML_MAILING_ALLOWED?"/>
    <field id="_3U_1KT_HEe2HIsvGuwi14w" fullAlias="EML_ID" name="EML_ID" ref="resource.md#_W6rJwD49Ee27Rbg9YrGf1Q?fileId=_SuIQ0D49Ee27Rbg9YrGf1Q$type=md$name=EML_ID?" updateKey="true"/>
    <field id="_3U_1Kj_HEe2HIsvGuwi14w" fullAlias="CUS_ID" name="CUS_ID" ref="resource.md#_W6rJyD49Ee27Rbg9YrGf1Q?fileId=_SuIQ0D49Ee27Rbg9YrGf1Q$type=md$name=CUS_ID?"/>
    <field id="_3U_1Kz_HEe2HIsvGuwi14w" fullAlias="EML_TYPE" name="EML_TYPE" ref="resource.md#_W6rJ1z49Ee27Rbg9YrGf1Q?fileId=_SuIQ0D49Ee27Rbg9YrGf1Q$type=md$name=EML_TYPE?"/>
    <constraint id="_3U_1LD_HEe2HIsvGuwi14w" name="PK_T_EMAIL" ref="resource.md#_W6rJ5T49Ee27Rbg9YrGf1Q?fileId=_SuIQ0D49Ee27Rbg9YrGf1Q$type=md$name=PK_T_EMAIL?" reject="true"/>
    <constraint id="_3U_1LT_HEe2HIsvGuwi14w" name="FK_EMAIL_CUSTOMER" ref="resource.md#_W7cl3D49Ee27Rbg9YrGf1Q?fileId=_SuIQ0D49Ee27Rbg9YrGf1Q$type=md$name=FK_EMAIL_CUSTOMER?" reject="true"/>
  </datastore>
  <datastore id="_3U_1Lj_HEe2HIsvGuwi14w" alias="customerDetails" dataset="_3VBDID_HEe2HIsvGuwi14w" ref="resource.md#_mnXfvj87Ee2HIsvGuwi14w?fileId=_cO3a0D87Ee2HIsvGuwi14w$type=md$name=customerDetails?" subExpression="[A]">
    <field id="_3U_1Lz_HEe2HIsvGuwi14w" enable="true" insert="true" name="zipCode" parent="_3VAcIj_HEe2HIsvGuwi14w" ref="resource.md#_mnXf8T87Ee2HIsvGuwi14w?fileId=_cO3a0D87Ee2HIsvGuwi14w$type=md$name=zipCode?" update="true">
      <expression id="_3U_1MD_HEe2HIsvGuwi14w" setDescriptorRef="_3VAcQj_HEe2HIsvGuwi14w">
        <expression>t_address.adr_zip_code</expression>
      </expression>
    </field>
    <field id="_3VAcED_HEe2HIsvGuwi14w" enable="true" insert="true" name="titleCode" parent="_3VAcGD_HEe2HIsvGuwi14w" ref="resource.md#_mnXfyj87Ee2HIsvGuwi14w?fileId=_cO3a0D87Ee2HIsvGuwi14w$type=md$name=titleCode?" update="true">
      <expression id="_3VAcET_HEe2HIsvGuwi14w" setDescriptorRef="_3VAcQj_HEe2HIsvGuwi14w">
        <expression>t_customer.tit_code</expression>
      </expression>
    </field>
    <field id="_3VAcEj_HEe2HIsvGuwi14w" enable="true" insert="true" name="company" parent="_3VAcGD_HEe2HIsvGuwi14w" ref="resource.md#_mnXf2j87Ee2HIsvGuwi14w?fileId=_cO3a0D87Ee2HIsvGuwi14w$type=md$name=company?" update="true">
      <expression id="_3VAcEz_HEe2HIsvGuwi14w" setDescriptorRef="_3VAcQj_HEe2HIsvGuwi14w">
        <expression>t_customer.cus_company</expression>
      </expression>
    </field>
    <field id="_3VAcFD_HEe2HIsvGuwi14w" enable="true" insert="true" name="addressDetails" parent="_3VAcIj_HEe2HIsvGuwi14w" ref="resource.md#_mnXf7T87Ee2HIsvGuwi14w?fileId=_cO3a0D87Ee2HIsvGuwi14w$type=md$name=addressDetails?" update="true">
      <expression id="_3VAcFT_HEe2HIsvGuwi14w" setDescriptorRef="_3VAcQj_HEe2HIsvGuwi14w">
        <expression>t_address.ADR_LINE1|| ' '|| t_address.ADR_LINE2|| ' '||t_address.ADR_LINE3||' '||t_address.ADR_LINE4</expression>
      </expression>
    </field>
    <field id="_3VAcFj_HEe2HIsvGuwi14w" enable="true" insert="true" name="phoneId" parent="_3VAcGj_HEe2HIsvGuwi14w" ref="resource.md#_mnXgAT87Ee2HIsvGuwi14w?fileId=_cO3a0D87Ee2HIsvGuwi14w$type=md$name=phoneId?" update="true">
      <expression id="_3VAcFz_HEe2HIsvGuwi14w" setDescriptorRef="_3VAcQj_HEe2HIsvGuwi14w">
        <expression>t_phone.pho_id</expression>
      </expression>
    </field>
    <field id="_3VAcGD_HEe2HIsvGuwi14w" enable="true" expand="true" insert="true" name="customer" parent="_3VAcJj_HEe2HIsvGuwi14w" ref="resource.md#_mnXfwj87Ee2HIsvGuwi14w?fileId=_cO3a0D87Ee2HIsvGuwi14w$type=md$name=customer?" update="true" updateKey="true">
      <expression id="_3VAcGT_HEe2HIsvGuwi14w" setDescriptorRef="_3VAcQj_HEe2HIsvGuwi14w">
        <expression>T_customer.cus_last_name|| t_customer.cus_first_name|| t_customer.cus_id</expression>
      </expression>
    </field>
    <field id="_3VAcGj_HEe2HIsvGuwi14w" enable="true" expand="true" insert="true" name="phone" parent="_3VAcGD_HEe2HIsvGuwi14w" ref="resource.md#_mnXf_T87Ee2HIsvGuwi14w?fileId=_cO3a0D87Ee2HIsvGuwi14w$type=md$name=phone?" update="true" updateKey="true">
      <expression id="_3VAcGz_HEe2HIsvGuwi14w" setDescriptorRef="_3VAcQj_HEe2HIsvGuwi14w">
        <expression>T_phone.pho_number|| t_phone.pho_id</expression>
      </expression>
    </field>
    <field id="_3VAcHD_HEe2HIsvGuwi14w" enable="true" insert="true" name="phoningAllowed" parent="_3VAcGj_HEe2HIsvGuwi14w" ref="resource.md#_mnXgET87Ee2HIsvGuwi14w?fileId=_cO3a0D87Ee2HIsvGuwi14w$type=md$name=phoningAllowed?" update="true">
      <expression id="_3VAcHT_HEe2HIsvGuwi14w" setDescriptorRef="_3VAcQj_HEe2HIsvGuwi14w">
        <expression>t_phone.pho_phoning_allowed</expression>
      </expression>
    </field>
    <field id="_3VAcHj_HEe2HIsvGuwi14w" enable="true" insert="true" name="emailId" parent="_3VAcLD_HEe2HIsvGuwi14w" ref="resource.md#_mnXgGT87Ee2HIsvGuwi14w?fileId=_cO3a0D87Ee2HIsvGuwi14w$type=md$name=emailId?" update="true">
      <expression id="_3VAcHz_HEe2HIsvGuwi14w" setDescriptorRef="_3VAcQj_HEe2HIsvGuwi14w">
        <expression>t_email.eml_id</expression>
      </expression>
    </field>
    <field id="_3VAcID_HEe2HIsvGuwi14w" enable="true" insert="true" name="customerId" parent="_3VAcGD_HEe2HIsvGuwi14w" ref="resource.md#_mnXfxj87Ee2HIsvGuwi14w?fileId=_cO3a0D87Ee2HIsvGuwi14w$type=md$name=customerId?" update="true">
      <expression id="_3VAcIT_HEe2HIsvGuwi14w" setDescriptorRef="_3VAcQj_HEe2HIsvGuwi14w">
        <expression>t_customer.cus_id</expression>
      </expression>
    </field>
    <field id="_3VAcIj_HEe2HIsvGuwi14w" enable="true" expand="true" insert="true" name="address" parent="_3VAcGD_HEe2HIsvGuwi14w" ref="resource.md#_mnXf5T87Ee2HIsvGuwi14w?fileId=_cO3a0D87Ee2HIsvGuwi14w$type=md$name=address?" update="true" updateKey="true">
      <expression id="_3VAcIz_HEe2HIsvGuwi14w" setDescriptorRef="_3VAcQj_HEe2HIsvGuwi14w">
        <expression>T_address.adr_zip_code|| t_address.adr_id</expression>
      </expression>
    </field>
    <field id="_3VAcJD_HEe2HIsvGuwi14w" enable="true" insert="true" name="emailAddress" parent="_3VAcLD_HEe2HIsvGuwi14w" ref="resource.md#_mnXgHT87Ee2HIsvGuwi14w?fileId=_cO3a0D87Ee2HIsvGuwi14w$type=md$name=emailAddress?" update="true">
      <expression id="_3VAcJT_HEe2HIsvGuwi14w" setDescriptorRef="_3VAcQj_HEe2HIsvGuwi14w">
        <expression>t_email.eml_address</expression>
      </expression>
    </field>
    <field id="_3VAcJj_HEe2HIsvGuwi14w" enable="true" expand="true" insert="true" name="customerDetails" ref="resource.md#_mnXfvj87Ee2HIsvGuwi14w?fileId=_cO3a0D87Ee2HIsvGuwi14w$type=md$name=customerDetails?" update="true" updateKey="true">
      <expression id="_3VAcJz_HEe2HIsvGuwi14w" setDescriptorRef="_3VAcQj_HEe2HIsvGuwi14w">
        <expression>t_address.adr_city</expression>
      </expression>
    </field>
    <field id="_3VAcKD_HEe2HIsvGuwi14w" enable="true" insert="true" name="title" parent="_3VAcGD_HEe2HIsvGuwi14w" ref="resource.md#_mnXfzj87Ee2HIsvGuwi14w?fileId=_cO3a0D87Ee2HIsvGuwi14w$type=md$name=title?" update="true">
      <expression id="_3VAcKT_HEe2HIsvGuwi14w" setDescriptorRef="_3VAcQj_HEe2HIsvGuwi14w">
        <expression>t_title.tit_name</expression>
      </expression>
    </field>
    <field id="_3VAcKj_HEe2HIsvGuwi14w" enable="true" insert="true" name="addressId" parent="_3VAcIj_HEe2HIsvGuwi14w" ref="resource.md#_mnXf6T87Ee2HIsvGuwi14w?fileId=_cO3a0D87Ee2HIsvGuwi14w$type=md$name=addressId?" update="true">
      <expression id="_3VAcKz_HEe2HIsvGuwi14w" setDescriptorRef="_3VAcQj_HEe2HIsvGuwi14w">
        <expression>t_address.adr_id</expression>
      </expression>
    </field>
    <field id="_3VAcLD_HEe2HIsvGuwi14w" enable="true" expand="true" insert="true" name="email" parent="_3VAcGD_HEe2HIsvGuwi14w" ref="resource.md#_mnXgFT87Ee2HIsvGuwi14w?fileId=_cO3a0D87Ee2HIsvGuwi14w$type=md$name=email?" update="true" updateKey="true">
      <expression id="_3VAcLT_HEe2HIsvGuwi14w" setDescriptorRef="_3VAcQj_HEe2HIsvGuwi14w">
        <expression>T_email.eml_address|| t_email.eml_id</expression>
      </expression>
    </field>
    <field id="_3VAcLj_HEe2HIsvGuwi14w" enable="true" insert="true" name="birthDate" parent="_3VAcGD_HEe2HIsvGuwi14w" ref="resource.md#_mnXf3j87Ee2HIsvGuwi14w?fileId=_cO3a0D87Ee2HIsvGuwi14w$type=md$name=birthDate?" update="true">
      <expression id="_3VAcLz_HEe2HIsvGuwi14w" setDescriptorRef="_3VAcQj_HEe2HIsvGuwi14w">
        <expression>t_customer.cus_birth_date</expression>
      </expression>
    </field>
    <field id="_3VAcMD_HEe2HIsvGuwi14w" enable="true" insert="true" name="mailingAllowed" parent="_3VAcLD_HEe2HIsvGuwi14w" ref="resource.md#_mnXgJT87Ee2HIsvGuwi14w?fileId=_cO3a0D87Ee2HIsvGuwi14w$type=md$name=mailingAllowed?" update="true">
      <expression id="_3VAcMT_HEe2HIsvGuwi14w" setDescriptorRef="_3VAcQj_HEe2HIsvGuwi14w">
        <expression>t_email.eml_mailing_allowed</expression>
      </expression>
    </field>
    <field id="_3VAcMj_HEe2HIsvGuwi14w" enable="true" insert="true" name="firstName" parent="_3VAcGD_HEe2HIsvGuwi14w" ref="resource.md#_mnXf0j87Ee2HIsvGuwi14w?fileId=_cO3a0D87Ee2HIsvGuwi14w$type=md$name=firstName?" update="true">
      <expression id="_3VAcMz_HEe2HIsvGuwi14w" setDescriptorRef="_3VAcQj_HEe2HIsvGuwi14w">
        <expression>t_customer.cus_first_name</expression>
      </expression>
    </field>
    <field id="_3VAcND_HEe2HIsvGuwi14w" enable="true" insert="true" name="phoneNumber" parent="_3VAcGj_HEe2HIsvGuwi14w" ref="resource.md#_mnXgCT87Ee2HIsvGuwi14w?fileId=_cO3a0D87Ee2HIsvGuwi14w$type=md$name=phoneNumber?" update="true">
      <expression id="_3VAcNT_HEe2HIsvGuwi14w" setDescriptorRef="_3VAcQj_HEe2HIsvGuwi14w">
        <expression>t_phone.pho_number</expression>
      </expression>
    </field>
    <field id="_3VAcNj_HEe2HIsvGuwi14w" enable="true" insert="true" name="lastName" parent="_3VAcGD_HEe2HIsvGuwi14w" ref="resource.md#_mnXf1j87Ee2HIsvGuwi14w?fileId=_cO3a0D87Ee2HIsvGuwi14w$type=md$name=lastName?" update="true">
      <expression id="_3VAcNz_HEe2HIsvGuwi14w" setDescriptorRef="_3VAcQj_HEe2HIsvGuwi14w">
        <expression>t_customer.cus_last_name</expression>
      </expression>
    </field>
    <field id="_3VAcOD_HEe2HIsvGuwi14w" enable="true" insert="true" name="phoneType" parent="_3VAcGj_HEe2HIsvGuwi14w" ref="resource.md#_mnXgDT87Ee2HIsvGuwi14w?fileId=_cO3a0D87Ee2HIsvGuwi14w$type=md$name=phoneType?" update="true">
      <expression id="_3VAcOT_HEe2HIsvGuwi14w" setDescriptorRef="_3VAcQj_HEe2HIsvGuwi14w">
        <expression>t_phone_type.pht_name</expression>
      </expression>
    </field>
    <field id="_3VAcOj_HEe2HIsvGuwi14w" enable="true" insert="true" name="emailType" parent="_3VAcLD_HEe2HIsvGuwi14w" ref="resource.md#_mnXgIT87Ee2HIsvGuwi14w?fileId=_cO3a0D87Ee2HIsvGuwi14w$type=md$name=emailType?" update="true">
      <expression id="_3VAcOz_HEe2HIsvGuwi14w" setDescriptorRef="_3VAcQj_HEe2HIsvGuwi14w">
        <expression>t_email.eml_type</expression>
      </expression>
    </field>
    <field id="_3VAcPD_HEe2HIsvGuwi14w" enable="true" insert="true" name="phoneTypeCode" parent="_3VAcGj_HEe2HIsvGuwi14w" ref="resource.md#_mnXgBT87Ee2HIsvGuwi14w?fileId=_cO3a0D87Ee2HIsvGuwi14w$type=md$name=phoneTypeCode?" update="true">
      <expression id="_3VAcPT_HEe2HIsvGuwi14w" setDescriptorRef="_3VAcQj_HEe2HIsvGuwi14w">
        <expression>t_phone.pht_code</expression>
      </expression>
    </field>
    <field id="_3VAcPj_HEe2HIsvGuwi14w" enable="true" insert="true" name="city" parent="_3VAcIj_HEe2HIsvGuwi14w" ref="resource.md#_mnXf9T87Ee2HIsvGuwi14w?fileId=_cO3a0D87Ee2HIsvGuwi14w$type=md$name=city?" update="true">
      <tag>CITY</tag>
      <expression id="_3VAcPz_HEe2HIsvGuwi14w" setDescriptorRef="_3VAcQj_HEe2HIsvGuwi14w">
        <expression>t_address.adr_city</expression>
      </expression>
    </field>
    <field id="_3VAcQD_HEe2HIsvGuwi14w" enable="true" insert="true" name="stateCode" parent="_3VAcIj_HEe2HIsvGuwi14w" ref="resource.md#_mnXf-T87Ee2HIsvGuwi14w?fileId=_cO3a0D87Ee2HIsvGuwi14w$type=md$name=stateCode?" update="true">
      <expression id="_3VAcQT_HEe2HIsvGuwi14w" setDescriptorRef="_3VAcQj_HEe2HIsvGuwi14w">
        <expression>t_address.adr_state_code</expression>
      </expression>
    </field>
    <setDescriptor id="_3VAcQj_HEe2HIsvGuwi14w" label="A"/>
  </datastore>
  <join id="_3VAcQz_HEe2HIsvGuwi14w" location="SRC" joinType="Left_Join" left="_3U_N8D_HEe2HIsvGuwi14w" order="10" right="_3U_1Bz_HEe2HIsvGuwi14w">
    <expression>T_CUSTOMER.TIT_CODE = T_TITLE.TIT_CODE</expression>
  </join>
  <join id="_3VAcRD_HEe2HIsvGuwi14w" location="SRC" joinType="Left_Join" left="_3U_N8D_HEe2HIsvGuwi14w" order="30" right="_3U_1Jj_HEe2HIsvGuwi14w">
    <expression>T_CUSTOMER.CUS_ID = T_EMAIL.CUS_ID</expression>
  </join>
  <join id="_3VAcRT_HEe2HIsvGuwi14w" location="SRC" joinType="Left_Join" left="_3U_N8D_HEe2HIsvGuwi14w" order="50" right="_3U_1GD_HEe2HIsvGuwi14w">
    <expression>T_CUSTOMER.CUS_ID = T_ADDRESS.CUS_ID</expression>
  </join>
  <join id="_3VAcRj_HEe2HIsvGuwi14w" location="SRC" joinType="Left_Join" left="_3U_N8D_HEe2HIsvGuwi14w" order="70" right="_3U_1Cz_HEe2HIsvGuwi14w">
    <expression>T_CUSTOMER.CUS_ID = T_PHONE.CUS_ID</expression>
  </join>
  <join id="_3VAcRz_HEe2HIsvGuwi14w" location="SRC" joinType="Left_Join" left="_3U_1Cz_HEe2HIsvGuwi14w" order="90" right="_3U_1FD_HEe2HIsvGuwi14w">
    <expression>T_PHONE.PHT_CODE = T_PHONE_TYPE.PHT_CODE</expression>
  </join>
  <template id="_3VAcSD_HEe2HIsvGuwi14w" name="I_customerDetails" process="resource.proc#_brHmkaEoEd6xg_kipsVRYg?fileId=_brHmkaEoEd6xg_kipsVRYg$type=proc$name=INTEGRATION%20Rdbms%20to%20Xml?" targetId="_3U_1Lj_HEe2HIsvGuwi14w">
    <parameter id="_0tv-kD_KEe2HIsvGuwi14w" name="OUT_FILE_MASK" value="%{env:workspace_loc}%/Training/Files_Out/Xml/customerDetailsForCity_[CITY].xml"/>
  </template>
  <dataSet id="_3VAcST_HEe2HIsvGuwi14w">
    <container>_3U_1Bz_HEe2HIsvGuwi14w</container>
    <container>_3U_N8D_HEe2HIsvGuwi14w</container>
    <container>_3U_1Jj_HEe2HIsvGuwi14w</container>
    <container>_3U_1GD_HEe2HIsvGuwi14w</container>
    <container>_3U_1Cz_HEe2HIsvGuwi14w</container>
    <container>_3U_1FD_HEe2HIsvGuwi14w</container>
  </dataSet>
  <dataSet id="_3VBDID_HEe2HIsvGuwi14w">
    <container>_3U_1Lj_HEe2HIsvGuwi14w</container>
  </dataSet>
  <hint>
    <usedField>#_3U_N8T_HEe2HIsvGuwi14w</usedField>
    <usedField>#_3U_1AD_HEe2HIsvGuwi14w</usedField>
    <usedField>#_3U_1AT_HEe2HIsvGuwi14w</usedField>
    <usedField>#_3U_1Aj_HEe2HIsvGuwi14w</usedField>
    <usedField>#_3U_1Az_HEe2HIsvGuwi14w</usedField>
    <usedField>#_3U_1BD_HEe2HIsvGuwi14w</usedField>
    <usedField>#_3U_1CD_HEe2HIsvGuwi14w</usedField>
    <usedField>#_3U_1CT_HEe2HIsvGuwi14w</usedField>
    <usedField>#_3U_1DD_HEe2HIsvGuwi14w</usedField>
    <usedField>#_3U_1DT_HEe2HIsvGuwi14w</usedField>
    <usedField>#_3U_1Dj_HEe2HIsvGuwi14w</usedField>
    <usedField>#_3U_1Dz_HEe2HIsvGuwi14w</usedField>
    <usedField>#_3U_1ED_HEe2HIsvGuwi14w</usedField>
    <usedField>#_3U_1FT_HEe2HIsvGuwi14w</usedField>
    <usedField>#_3U_1Fj_HEe2HIsvGuwi14w</usedField>
    <usedField>#_3U_1GT_HEe2HIsvGuwi14w</usedField>
    <usedField>#_3U_1Gj_HEe2HIsvGuwi14w</usedField>
    <usedField>#_3U_1Gz_HEe2HIsvGuwi14w</usedField>
    <usedField>#_3U_1HD_HEe2HIsvGuwi14w</usedField>
    <usedField>#_3U_1HT_HEe2HIsvGuwi14w</usedField>
    <usedField>#_3U_1Hz_HEe2HIsvGuwi14w</usedField>
    <usedField>#_3U_1ID_HEe2HIsvGuwi14w</usedField>
    <usedField>#_3U_1IT_HEe2HIsvGuwi14w</usedField>
    <usedField>#_3U_1Ij_HEe2HIsvGuwi14w</usedField>
    <usedField>#_3U_1Jz_HEe2HIsvGuwi14w</usedField>
    <usedField>#_3U_1KD_HEe2HIsvGuwi14w</usedField>
    <usedField>#_3U_1KT_HEe2HIsvGuwi14w</usedField>
    <usedField>#_3U_1Kj_HEe2HIsvGuwi14w</usedField>
    <usedField>#_3U_1Kz_HEe2HIsvGuwi14w</usedField>
  </hint>
  <diagram><![CDATA[<?xml version="1.0" encoding="UTF-8"?>
<notation:Diagram xmi:version="2.0" xmlns:xmi="http://www.omg.org/XMI" xmlns:xsi="http://www.w3.org/2001/XMLSchema-instance" xmlns:map="http://www.indy.com/v2/map" xmlns:notation="http://www.eclipse.org/gmf/runtime/1.0.1/notation" xsi:schemaLocation="http://www.eclipse.org/gmf/runtime/1.0.1/notation " xmi:id="541f2a3c-ae42-42ce-9dec-6d1aa483baf5" type="Map" measurementUnit="Pixel">
  <children xmi:type="notation:Node" xmi:id="ee8b3fa9-d625-45bc-aa44-8f927a890fd2" type="2005">
    <styles xmi:type="notation:DescriptionStyle" xmi:id="7af7a77f-68b5-423e-89f6-c1f1c6fcb66b"/>
    <styles xmi:type="notation:FontStyle" xmi:id="23dfbddc-e734-4350-b48b-1a48afaad994" fontName="Segoe UI"/>
    <styles xmi:type="notation:FillStyle" xmi:id="2143c63c-f341-45ca-8ae7-c7ccbcd82034"/>
    <element xmi:type="map:Join" href="resource.map#_3VAcQz_HEe2HIsvGuwi14w?fileId=_3U-m_T_HEe2HIsvGuwi14w$type=map?"/>
    <layoutConstraint xmi:type="notation:Bounds" xmi:id="79d2adbd-c8d5-466e-a4e3-99a408f81188" x="390" y="360"/>
  </children>
  <children xmi:type="notation:Node" xmi:id="7473ab3c-48e6-4004-a29a-85dca9cc05cb" type="2005">
    <styles xmi:type="notation:DescriptionStyle" xmi:id="1d230ace-c252-4135-9561-c863308522bd"/>
    <styles xmi:type="notation:FontStyle" xmi:id="af9f8e77-ee1c-4b52-823a-72d584c7495a" fontName="Segoe UI"/>
    <styles xmi:type="notation:FillStyle" xmi:id="43388555-8de3-4d1b-b615-9c16055e0fae"/>
    <element xmi:type="map:Join" href="resource.map#_3VAcRD_HEe2HIsvGuwi14w?fileId=_3U-m_T_HEe2HIsvGuwi14w$type=map?"/>
    <layoutConstraint xmi:type="notation:Bounds" xmi:id="bea95dc0-a1b4-4e9b-96d7-445dceedc7e7" x="390" y="476"/>
  </children>
  <children xmi:type="notation:Node" xmi:id="caa5f5db-2358-4f55-b3ba-b26cf4c3e149" type="2005">
    <styles xmi:type="notation:DescriptionStyle" xmi:id="3ef13bc0-0150-4c71-9e7a-195201782087"/>
    <styles xmi:type="notation:FontStyle" xmi:id="c6e1c59a-39d5-41d9-b38e-c0f5b2376698" fontName="Segoe UI"/>
    <styles xmi:type="notation:FillStyle" xmi:id="0c4b54e5-6a29-48ce-afcc-a6bec5cbc6df"/>
    <element xmi:type="map:Join" href="resource.map#_3VAcRT_HEe2HIsvGuwi14w?fileId=_3U-m_T_HEe2HIsvGuwi14w$type=map?"/>
    <layoutConstraint xmi:type="notation:Bounds" xmi:id="d3fcca42-2efc-4126-a63e-ce4212dbbe91" x="390" y="561"/>
  </children>
  <children xmi:type="notation:Node" xmi:id="451d79e3-806f-4e94-82d8-7f5e09604a01" type="2005">
    <styles xmi:type="notation:DescriptionStyle" xmi:id="c4d5dc20-9e0e-4d96-bfb1-701998466f4d"/>
    <styles xmi:type="notation:FontStyle" xmi:id="de895a53-9768-481c-982a-bdc98738d71b" fontName="Segoe UI"/>
    <styles xmi:type="notation:FillStyle" xmi:id="7a44311f-4104-47fe-a992-5ba14a0a443f"/>
    <element xmi:type="map:Join" href="resource.map#_3VAcRj_HEe2HIsvGuwi14w?fileId=_3U-m_T_HEe2HIsvGuwi14w$type=map?"/>
    <layoutConstraint xmi:type="notation:Bounds" xmi:id="ef96b6f1-a92b-4427-9574-d0286e224c96" x="390" y="677"/>
  </children>
  <children xmi:type="notation:Node" xmi:id="a9e7ede7-eaaf-415f-bb95-5da1a673c4ee" type="2005">
    <styles xmi:type="notation:DescriptionStyle" xmi:id="441c945c-94e4-4b97-b33d-cdf3e3809448"/>
    <styles xmi:type="notation:FontStyle" xmi:id="16f9d013-3843-42b6-bd19-278222aed243" fontName="Segoe UI"/>
    <styles xmi:type="notation:FillStyle" xmi:id="fbe49ad4-bcf9-43d4-b310-371e3d74fb11"/>
    <element xmi:type="map:Join" href="resource.map#_3VAcRz_HEe2HIsvGuwi14w?fileId=_3U-m_T_HEe2HIsvGuwi14w$type=map?"/>
    <layoutConstraint xmi:type="notation:Bounds" xmi:id="0bec3c1d-fdfa-4bd7-9b31-af9c5cc41523" x="390" y="875"/>
  </children>
  <children xmi:type="notation:Shape" xmi:id="825a51af-d721-487f-a69e-f7468642c03c" type="2004" fontName="Segoe UI">
    <children xmi:type="notation:DecorationNode" xmi:id="06329031-47ae-4c56-ba83-d331c3da37b9" type="5005"/>
    <children xmi:type="notation:DecorationNode" xmi:id="ec399816-a55e-4181-a502-f84a922ea933" type="5007"/>
    <children xmi:type="notation:DecorationNode" xmi:id="54f2804d-cc16-4b0d-8cec-219e51a1a0ef" type="7003"/>
    <children xmi:type="notation:DecorationNode" xmi:id="471bbcc9-2488-4515-a509-07cb6a908a86" type="7009"/>
    <children xmi:type="notation:BasicCompartment" xmi:id="102b53de-e882-4567-ae94-9cae767a9c23" type="7004">
      <styles xmi:type="notation:SortingStyle" xmi:id="7ce7ac31-b991-499e-9f71-15616854fc2b"/>
      <styles xmi:type="notation:FilteringStyle" xmi:id="77e7ea2d-c544-475d-8d80-b1eef46318cf"/>
    </children>
    <children xmi:type="notation:DecorationNode" xmi:id="ec10913a-7b94-4c62-8d89-f4ad2bec0807" type="5009">
      <styles xmi:type="notation:DrawerStyle" xmi:id="4ed8afa4-c4f6-4d23-a216-502a2c4bbe56"/>
    </children>
    <children xmi:type="notation:DecorationNode" xmi:id="f0aa9450-a227-4608-a673-6951a04a9f19" type="7005">
      <styles xmi:type="notation:SortingStyle" xmi:id="ffe9bf83-ecdf-428d-be95-a4b24d93ca4c"/>
      <styles xmi:type="notation:FilteringStyle" xmi:id="71b0c2fc-721b-4acc-866a-863b3e6293c4"/>
    </children>
    <children xmi:type="notation:BasicCompartment" xmi:id="2eea720d-f354-4b8b-acc4-0325ccfec1c3" type="7007"/>
    <element xmi:type="map:Datastore" href="resource.map#_3U_1Bz_HEe2HIsvGuwi14w?fileId=_3U-m_T_HEe2HIsvGuwi14w$type=map?"/>
    <layoutConstraint xmi:type="notation:Bounds" xmi:id="18e953ab-89c2-49c2-b7e0-0861328fb8d4" x="30" y="30"/>
  </children>
  <children xmi:type="notation:Shape" xmi:id="3f4072f9-918b-44b9-b304-4adc8cbe2419" type="2004" fontName="Segoe UI">
    <children xmi:type="notation:DecorationNode" xmi:id="4717ec87-e02e-41a0-b091-f62987aa3a2c" type="5005"/>
    <children xmi:type="notation:DecorationNode" xmi:id="97597c61-ec64-4ace-bbc8-d8719b6d9aee" type="5007"/>
    <children xmi:type="notation:DecorationNode" xmi:id="0e33fb05-a622-4902-8d0d-3e091f36910f" type="7003"/>
    <children xmi:type="notation:DecorationNode" xmi:id="4e8d7f3c-1a31-45df-a034-4b980a37c5a7" type="7009"/>
    <children xmi:type="notation:BasicCompartment" xmi:id="7ee05f80-01f8-4ed3-96ac-021c8631ae0c" type="7004">
      <styles xmi:type="notation:SortingStyle" xmi:id="867d8333-2e54-4b4a-963c-2a3337c1486b"/>
      <styles xmi:type="notation:FilteringStyle" xmi:id="5e799b37-151b-4e7b-a2ba-906e9c12f5b4"/>
    </children>
    <children xmi:type="notation:DecorationNode" xmi:id="6a876bc2-5fb1-4c5f-b638-b25b129695bb" type="5009">
      <styles xmi:type="notation:DrawerStyle" xmi:id="944804df-428e-4c22-8094-b18468a4eb90"/>
    </children>
    <children xmi:type="notation:DecorationNode" xmi:id="7d68bb86-fa46-4ccb-b2b4-eb5550f273f6" type="7005">
      <styles xmi:type="notation:SortingStyle" xmi:id="d0e3db72-f7e8-4b84-a178-4c4906b65dbc"/>
      <styles xmi:type="notation:FilteringStyle" xmi:id="f5d29a3c-731a-4d19-b8ec-dc4554b23ecc"/>
    </children>
    <children xmi:type="notation:BasicCompartment" xmi:id="99f786f8-d89d-448f-8201-a05704fc6ba1" type="7007"/>
    <element xmi:type="map:Datastore" href="resource.map#_3U_1FD_HEe2HIsvGuwi14w?fileId=_3U-m_T_HEe2HIsvGuwi14w$type=map?"/>
    <layoutConstraint xmi:type="notation:Bounds" xmi:id="334be213-7b85-4d3e-89df-078ef2f0c346" x="30" y="1191"/>
  </children>
  <children xmi:type="notation:Shape" xmi:id="54918342-1fb2-457f-af69-a8dc9815e92e" type="2004" fontName="Segoe UI">
    <children xmi:type="notation:DecorationNode" xmi:id="47ed2e70-1322-4d5d-9f4e-0bf03b15c3d4" type="5005"/>
    <children xmi:type="notation:DecorationNode" xmi:id="a951653e-0ae2-4cf2-b72f-da9cb25f6a98" type="5007"/>
    <children xmi:type="notation:DecorationNode" xmi:id="d453a2de-094f-47e0-bde0-7dc084674d25" type="7003"/>
    <children xmi:type="notation:DecorationNode" xmi:id="5528527c-06a0-49be-ad86-860c9b76e259" type="7009"/>
    <children xmi:type="notation:BasicCompartment" xmi:id="aa00e6ab-0760-49a8-83c8-dc8a67e84c46" type="7004">
      <styles xmi:type="notation:SortingStyle" xmi:id="baef2ddb-97ba-483a-a536-a6b76ecdd9ed"/>
      <styles xmi:type="notation:FilteringStyle" xmi:id="08f86d90-8f38-4b9e-95a9-e68202788477"/>
    </children>
    <children xmi:type="notation:DecorationNode" xmi:id="e56a966f-3c5d-4981-9800-7154a0c009b0" type="5009">
      <styles xmi:type="notation:DrawerStyle" xmi:id="147b45ed-55cc-4a59-abe8-11f187692b75"/>
    </children>
    <children xmi:type="notation:DecorationNode" xmi:id="49ae5b15-7633-4a1c-ba85-afa41fb145d9" type="7005">
      <styles xmi:type="notation:SortingStyle" xmi:id="ea16d2b0-2152-42e0-9019-2e38771fc62e"/>
      <styles xmi:type="notation:FilteringStyle" xmi:id="d09fec54-510a-4974-817b-28e92ea005b7"/>
    </children>
    <children xmi:type="notation:BasicCompartment" xmi:id="acb72325-ac79-43bf-8880-cb348c51eff9" type="7007"/>
    <element xmi:type="map:Datastore" href="resource.map#_3U_1Jj_HEe2HIsvGuwi14w?fileId=_3U-m_T_HEe2HIsvGuwi14w$type=map?"/>
    <layoutConstraint xmi:type="notation:Bounds" xmi:id="a0431c19-8355-4760-b110-e6bb7bbdae78" x="30" y="446"/>
  </children>
  <children xmi:type="notation:Shape" xmi:id="98e6aee2-735a-48b9-ae4c-592324064f78" type="2004" fontName="Segoe UI">
    <children xmi:type="notation:DecorationNode" xmi:id="281487fd-2fa8-4219-93e9-30d3f4bf5a02" type="5005"/>
    <children xmi:type="notation:DecorationNode" xmi:id="29d082a6-aebe-43ae-81e6-3cb5104846b4" type="5007"/>
    <children xmi:type="notation:DecorationNode" xmi:id="f12935ad-5b55-4062-8b4c-bc31faae825b" type="7003"/>
    <children xmi:type="notation:DecorationNode" xmi:id="9eed53d3-42bf-4683-959d-8ee57eed7f7e" type="7009"/>
    <children xmi:type="notation:BasicCompartment" xmi:id="d59dc91c-b450-4de9-9060-e644287aa127" type="7004">
      <styles xmi:type="notation:SortingStyle" xmi:id="cab78101-2aaa-43f7-8bf9-448729ae2200"/>
      <styles xmi:type="notation:FilteringStyle" xmi:id="32c648fc-d37c-4b4e-825f-23a1baff6de1"/>
    </children>
    <children xmi:type="notation:DecorationNode" xmi:id="485e1ae1-60b8-4566-bd1d-d9d30cdc9234" type="5009">
      <styles xmi:type="notation:DrawerStyle" xmi:id="aee34582-40f1-4f61-bad7-3e6c2f4fe9e7"/>
    </children>
    <children xmi:type="notation:DecorationNode" xmi:id="3460cc99-8648-445b-8e09-6004ded3c41d" type="7005">
      <styles xmi:type="notation:SortingStyle" xmi:id="b43259bd-4a87-41d3-b454-900d466907ef"/>
      <styles xmi:type="notation:FilteringStyle" xmi:id="2f0d4c48-6596-4025-a0a6-012f941ad7f2"/>
    </children>
    <children xmi:type="notation:BasicCompartment" xmi:id="c7d93a2e-3da5-4dda-864a-12c4e08a5ac0" type="7007"/>
    <element xmi:type="map:Datastore" href="resource.map#_3U_1Cz_HEe2HIsvGuwi14w?fileId=_3U-m_T_HEe2HIsvGuwi14w$type=map?"/>
    <layoutConstraint xmi:type="notation:Bounds" xmi:id="0d9fbb3e-620d-4b5d-9788-46967c8eae2a" x="30" y="958"/>
  </children>
  <children xmi:type="notation:Shape" xmi:id="a8bf3af1-6791-46de-ba2a-e04c67bc18b1" type="2004" fontName="Segoe UI">
    <children xmi:type="notation:DecorationNode" xmi:id="e9f9e85a-ec0c-488e-b4ae-c0791dad1d8c" type="5005"/>
    <children xmi:type="notation:DecorationNode" xmi:id="30990448-3526-4afb-a136-a20bdba4c66f" type="5007"/>
    <children xmi:type="notation:DecorationNode" xmi:id="174389a7-191b-42c5-a01e-51926bb0b408" type="7003"/>
    <children xmi:type="notation:DecorationNode" xmi:id="598afd3b-07f9-4dcb-92ee-0c067f2e9179" type="7009"/>
    <children xmi:type="notation:BasicCompartment" xmi:id="f9ac589f-0a42-4bc4-93d1-ec5dec6aaadc" type="7004">
      <styles xmi:type="notation:SortingStyle" xmi:id="f4774916-183b-44d3-a814-6fb01cff02cb"/>
      <styles xmi:type="notation:FilteringStyle" xmi:id="df81ff7d-0ff0-4cc7-9c24-ac4c65eea219"/>
    </children>
    <children xmi:type="notation:DecorationNode" xmi:id="bee92d36-caa7-4e2c-8899-e0506bb9a73e" type="5009">
      <styles xmi:type="notation:DrawerStyle" xmi:id="a7adc0a4-f9a9-4864-8b84-d25490cf0372"/>
    </children>
    <children xmi:type="notation:DecorationNode" xmi:id="3f39c79d-f965-4c9e-a62e-fef967cb5175" type="7005">
      <styles xmi:type="notation:SortingStyle" xmi:id="8e4f710c-140c-4fc7-9b32-e1f59e5f559f"/>
      <styles xmi:type="notation:FilteringStyle" xmi:id="d9297b12-e4bf-4e15-b532-a78826e8a958"/>
    </children>
    <children xmi:type="notation:BasicCompartment" xmi:id="6a20b756-8b12-47e2-aabe-b57db02eea5c" type="7007"/>
    <element xmi:type="map:Datastore" href="resource.map#_3U_N8D_HEe2HIsvGuwi14w?fileId=_3U-m_T_HEe2HIsvGuwi14w$type=map?"/>
    <layoutConstraint xmi:type="notation:Bounds" xmi:id="0e77a24f-bf61-4d87-93b9-74dedc80700f" x="30" y="188"/>
  </children>
  <children xmi:type="notation:Shape" xmi:id="0e111f21-1c19-4d94-b90a-d96713a239bc" type="2004" fontName="Segoe UI">
    <children xmi:type="notation:DecorationNode" xmi:id="4d36df88-30ae-41d8-a47c-322ea23c6d55" type="5005"/>
    <children xmi:type="notation:DecorationNode" xmi:id="c3a8453e-fdf4-429e-a943-244b18b28fe9" type="5007"/>
    <children xmi:type="notation:DecorationNode" xmi:id="1a7ad9b8-1306-43dd-9cea-187c6f64ce61" type="7003"/>
    <children xmi:type="notation:DecorationNode" xmi:id="3a4da052-6e91-4539-9f56-f2f16e9f1037" type="7009"/>
    <children xmi:type="notation:BasicCompartment" xmi:id="e83d67f1-c258-4a6b-b0df-9c75f687cdeb" type="7004">
      <styles xmi:type="notation:SortingStyle" xmi:id="503dbfbd-ba8b-40ee-9b22-6988357f10ae"/>
      <styles xmi:type="notation:FilteringStyle" xmi:id="9e51790a-136f-4117-9de9-6c0c889fa501"/>
    </children>
    <children xmi:type="notation:DecorationNode" xmi:id="f680b1a1-6506-49bf-ac42-4b92d774822a" type="5009">
      <styles xmi:type="notation:DrawerStyle" xmi:id="b00596d0-a1f9-4bf8-801d-7898f7af5fcb"/>
    </children>
    <children xmi:type="notation:DecorationNode" xmi:id="4cbc5a4a-0d2c-411e-b581-04887b1ff1a7" type="7005">
      <styles xmi:type="notation:SortingStyle" xmi:id="ba49da94-a542-4136-b613-7573447bbb2a"/>
      <styles xmi:type="notation:FilteringStyle" xmi:id="02d53869-2836-4625-b601-e39e20a99b7c"/>
    </children>
    <children xmi:type="notation:BasicCompartment" xmi:id="0e0743b9-5622-4a47-9240-ca3697a679a8" type="7007"/>
    <element xmi:type="map:Datastore" href="resource.map#_3U_1GD_HEe2HIsvGuwi14w?fileId=_3U-m_T_HEe2HIsvGuwi14w$type=map?"/>
    <layoutConstraint xmi:type="notation:Bounds" xmi:id="e2da13e7-1fce-4ee6-9cb0-c41d6a894524" x="30" y="679" width="202" height="219"/>
  </children>
  <children xmi:type="notation:Shape" xmi:id="4444f71e-2f3b-4720-99a0-9e2172fef916" type="2004" fontName="Segoe UI">
    <children xmi:type="notation:DecorationNode" xmi:id="8f741cba-3db7-40a2-ae62-8dd585c169ad" type="5005"/>
    <children xmi:type="notation:DecorationNode" xmi:id="2efcecab-518e-4a0b-8f07-3ed16d54f67d" type="5007"/>
    <children xmi:type="notation:DecorationNode" xmi:id="b28b7e64-6212-4584-a7c5-9a9fcda11c76" type="7003"/>
    <children xmi:type="notation:DecorationNode" xmi:id="7aadb6fc-0ce8-4e6d-b48d-8705c343dc64" type="7009"/>
    <children xmi:type="notation:BasicCompartment" xmi:id="48761157-438c-4db3-99a7-85d9c61d08ac" type="7004">
      <styles xmi:type="notation:SortingStyle" xmi:id="82717490-3563-4cb4-b191-9055106d12d4"/>
      <styles xmi:type="notation:FilteringStyle" xmi:id="4f06af68-b7c0-4038-8c4a-096107298948"/>
    </children>
    <children xmi:type="notation:DecorationNode" xmi:id="41f0fa1d-95a9-4540-960e-5522bd5b24d6" type="5009">
      <styles xmi:type="notation:DrawerStyle" xmi:id="23e9e114-cd5c-469d-986e-84ed9165bfb2"/>
    </children>
    <children xmi:type="notation:DecorationNode" xmi:id="aa567213-d9ee-4fe0-bc4a-180bceb8f012" type="7005">
      <styles xmi:type="notation:SortingStyle" xmi:id="9f957148-b85a-49e2-900e-3200a007ce22"/>
      <styles xmi:type="notation:FilteringStyle" xmi:id="0fadd9d2-70c3-496b-b37a-36598b9cac45"/>
    </children>
    <children xmi:type="notation:BasicCompartment" xmi:id="2b27bcdf-5e0d-49f2-a181-4fb030a946c2" type="7007"/>
    <element xmi:type="map:Datastore" href="resource.map#_3U_1Lj_HEe2HIsvGuwi14w?fileId=_3U-m_T_HEe2HIsvGuwi14w$type=map?"/>
    <layoutConstraint xmi:type="notation:Bounds" xmi:id="4289b303-dd71-4200-9f49-ab2fc6d205f6" x="484" y="290"/>
  </children>
  <styles xmi:type="notation:DiagramStyle" xmi:id="373d46fb-360b-47d4-baab-ee44d750b5c9"/>
  <element xmi:type="map:Map" href="resource.map#_3U-m_T_HEe2HIsvGuwi14w?fileId=_3U-m_T_HEe2HIsvGuwi14w$type=map$name=LoadCustomerDetailsByCity?"/>
  <edges xmi:type="notation:Edge" xmi:id="a9b342e0-1b77-4b23-85a9-bafc938b8d8f" type="targetLink" source="4444f71e-2f3b-4720-99a0-9e2172fef916" target="a8bf3af1-6791-46de-ba2a-e04c67bc18b1">
    <element xsi:nil="true"/>
    <bendpoints xmi:type="notation:RelativeBendpoints" xmi:id="44077073-4255-4c30-ba4a-9eba7ad6749f" points="[0, 0, 223, 175]$[-94, 0, 129, 175]$[-223, -175, 0, 0]"/>
    <sourceAnchor xmi:type="notation:IdentityAnchor" xmi:id="7a56068f-3486-43bd-affe-a98fc6640274" id="(0.0,0.20351390922401172)"/>
    <targetAnchor xmi:type="notation:IdentityAnchor" xmi:id="0e9386fd-655c-45f9-a544-ec5ec19e85b2" id="(1.0,0.3333333333333333)"/>
  </edges>
  <edges xmi:type="notation:Edge" xmi:id="842716e3-437d-4a11-aa8b-9f9fd7ba9a9e" type="targetSetLink" source="4444f71e-2f3b-4720-99a0-9e2172fef916" target="4444f71e-2f3b-4720-99a0-9e2172fef916">
    <element xmi:type="map:SetDescriptor" href="resource.map#_3VAcQj_HEe2HIsvGuwi14w?fileId=_3U-m_T_HEe2HIsvGuwi14w$type=map?"/>
    <bendpoints xmi:type="notation:RelativeBendpoints" xmi:id="7f4509c9-4204-4bb6-85bc-d1e032f48714" points="[0, 0, 0, 0]$[0, 0, 0, 0]"/>
  </edges>
  <edges xmi:type="notation:Edge" xmi:id="7275efb1-6ed5-479c-8d4c-b6d953315917" type="targetLink" source="4444f71e-2f3b-4720-99a0-9e2172fef916" target="825a51af-d721-487f-a69e-f7468642c03c">
    <element xsi:nil="true"/>
    <bendpoints xmi:type="notation:RelativeBendpoints" xmi:id="32b93ed7-957f-432c-bf79-6e1e6f206654" points="[0, 0, 284, 269]$[-155, -203, 129, 66]$[-284, -269, 0, 0]"/>
    <sourceAnchor xmi:type="notation:IdentityAnchor" xmi:id="92da48a0-6200-4883-93ca-8feb49994a27" id="(0.0,0.060029282576866766)"/>
    <targetAnchor xmi:type="notation:IdentityAnchor" xmi:id="98426234-9580-4531-bb83-608df23e3b97" id="(1.0,0.32653061224489793)"/>
  </edges>
  <edges xmi:type="notation:Edge" xmi:id="8ab3535e-255e-46d4-9f87-24164e36d527" type="targetDataSetLink" source="4444f71e-2f3b-4720-99a0-9e2172fef916" target="4444f71e-2f3b-4720-99a0-9e2172fef916">
    <element xmi:type="map:DataSet" href="resource.map#_3VAcST_HEe2HIsvGuwi14w?fileId=_3U-m_T_HEe2HIsvGuwi14w$type=map?"/>
    <bendpoints xmi:type="notation:RelativeBendpoints" xmi:id="60ccfc46-5603-4827-979f-2c74e44630a7" points="[0, 0, 0, 0]$[0, 0, 0, 0]"/>
  </edges>
  <edges xmi:type="notation:Edge" xmi:id="cd9f5af0-aae5-403c-a2fd-3fbcd7f39280" type="targetLink" source="4444f71e-2f3b-4720-99a0-9e2172fef916" target="0e111f21-1c19-4d94-b90a-d96713a239bc">
    <element xsi:nil="true"/>
    <bendpoints xmi:type="notation:RelativeBendpoints" xmi:id="bb4df968-2821-4bf9-a454-59941764ba6f" points="[0, 0, 252, 0]$[-252, 0, 0, 0]"/>
    <sourceAnchor xmi:type="notation:IdentityAnchor" xmi:id="ecaa5cbc-95cc-4376-b349-4f08c5872d9e" id="(0.0,0.6676427525622255)"/>
    <targetAnchor xmi:type="notation:IdentityAnchor" xmi:id="65d5b031-f4ff-46c4-be63-866194ffc1bd" id="(1.0,0.3059360730593607)"/>
  </edges>
  <edges xmi:type="notation:Edge" xmi:id="3b9de47c-a504-43ee-957a-557e136030e4" type="targetLink" source="4444f71e-2f3b-4720-99a0-9e2172fef916" target="98e6aee2-735a-48b9-ae4c-592324064f78">
    <element xsi:nil="true"/>
    <bendpoints xmi:type="notation:RelativeBendpoints" xmi:id="4071c357-fb35-457a-869a-e8e82d4884fb" points="[0, 0, 154, -214]$[-94, 0, 60, -214]$[-154, 214, 0, 0]"/>
    <sourceAnchor xmi:type="notation:IdentityAnchor" xmi:id="eaf25fdc-9175-45c8-b589-607f20bfdf2b" id="(0.0,0.7906295754026355)"/>
    <targetAnchor xmi:type="notation:IdentityAnchor" xmi:id="69fe5bd3-9b3b-47f7-ba18-3ff67e00d36d" id="(1.0,0.49710982658959535)"/>
  </edges>
  <edges xmi:type="notation:Edge" xmi:id="98753b27-28b5-4254-945b-69e5430ca46f" type="targetLink" source="4444f71e-2f3b-4720-99a0-9e2172fef916" target="3f4072f9-918b-44b9-b304-4adc8cbe2419">
    <element xsi:nil="true"/>
    <bendpoints xmi:type="notation:RelativeBendpoints" xmi:id="138289d9-afa6-47c9-b90a-fdca9fffa843" points="[0, 0, 275, -326]$[-155, 260, 120, -66]$[-275, 326, 0, 0]"/>
    <sourceAnchor xmi:type="notation:IdentityAnchor" xmi:id="9fd65646-d444-4001-bf20-89be6f0265a7" id="(0.0,0.9370424597364568)"/>
    <targetAnchor xmi:type="notation:IdentityAnchor" xmi:id="a5842972-f461-44d8-8110-5d5de66bcbcb" id="(1.0,0.6632653061224489)"/>
  </edges>
  <edges xmi:type="notation:Edge" xmi:id="4439bc52-af7c-448d-8732-6a7dbcc89615" type="targetLink" source="4444f71e-2f3b-4720-99a0-9e2172fef916" target="54918342-1fb2-457f-af69-a8dc9815e92e">
    <element xsi:nil="true"/>
    <bendpoints xmi:type="notation:RelativeBendpoints" xmi:id="609a5a9b-98be-44b4-a58a-fffeaca6ff74" points="[0, 0, 167, 77]$[-94, 0, 73, 77]$[-167, -77, 0, 0]"/>
    <sourceAnchor xmi:type="notation:IdentityAnchor" xmi:id="cfc72eca-26c9-4c1a-9e57-1764aaed2893" id="(0.0,0.4978038067349927)"/>
    <targetAnchor xmi:type="notation:IdentityAnchor" xmi:id="9a32f963-c56a-4490-b6a8-b2356f206afe" id="(1.0,0.6184971098265896)"/>
  </edges>
  <edges xmi:type="notation:Edge" xmi:id="bf9ca898-baa2-469a-b1d8-752806b0f143" type="joinLink" source="ee8b3fa9-d625-45bc-aa44-8f927a890fd2" target="825a51af-d721-487f-a69e-f7468642c03c">
    <element xsi:nil="true"/>
    <bendpoints xmi:type="notation:RelativeBendpoints" xmi:id="c9a2e021-6b53-4908-b85b-f0b4de1b8444" points="[17, 0, 1064, -52]$[77, 0, 1124, -52]"/>
    <sourceAnchor xmi:type="notation:IdentityAnchor" xmi:id="4d6269ad-7271-4f7c-824a-c0efe3b93ac7" id="(1.0,0.48)"/>
    <targetAnchor xmi:type="notation:IdentityAnchor" xmi:id="0c7aa06a-2064-4085-bb4b-2e195871d046" id="(1.0,0.6632653061224489)"/>
  </edges>
  <edges xmi:type="notation:Edge" xmi:id="25b29ef1-9668-47a4-bb63-fc17aec52d44" type="joinLink" source="ee8b3fa9-d625-45bc-aa44-8f927a890fd2" target="a8bf3af1-6791-46de-ba2a-e04c67bc18b1">
    <element xsi:nil="true"/>
    <bendpoints xmi:type="notation:RelativeBendpoints" xmi:id="1f6c0863-0531-4803-af38-c0e38ea0cbb6" points="[17, 0, 1063, 182]$[77, 0, 1123, 182]"/>
    <sourceAnchor xmi:type="notation:IdentityAnchor" xmi:id="cc7014f3-4154-4b8c-8be4-69066444a54c" id="(1.0,0.48)"/>
    <targetAnchor xmi:type="notation:IdentityAnchor" xmi:id="7b29b1a9-5231-40c1-b548-abff5744094b" id="(1.0,0.16666666666666666)"/>
  </edges>
  <edges xmi:type="notation:Edge" xmi:id="e0c31645-9157-4488-aa99-b5184f0caee0" type="joinLink" source="7473ab3c-48e6-4004-a29a-85dca9cc05cb" target="a8bf3af1-6791-46de-ba2a-e04c67bc18b1">
    <element xsi:nil="true"/>
    <bendpoints xmi:type="notation:RelativeBendpoints" xmi:id="32cc09df-a8b9-40e5-9702-4ff101933da1" points="[17, 0, 1063, 298]$[77, 0, 1123, 298]"/>
    <sourceAnchor xmi:type="notation:IdentityAnchor" xmi:id="a5885c9a-ec68-4361-9d1b-af7cf6b2e733" id="(1.0,0.48)"/>
    <targetAnchor xmi:type="notation:IdentityAnchor" xmi:id="9645f468-44ca-4413-9837-1d0021fde7e5" id="(1.0,0.5)"/>
  </edges>
  <edges xmi:type="notation:Edge" xmi:id="d56faa33-ecdd-4682-ace9-68a43776d102" type="joinLink" source="7473ab3c-48e6-4004-a29a-85dca9cc05cb" target="54918342-1fb2-457f-af69-a8dc9815e92e">
    <element xsi:nil="true"/>
    <bendpoints xmi:type="notation:RelativeBendpoints" xmi:id="702fb167-afe0-499f-9cd5-a6ce1b0e92c6" points="[17, 0, 617, 319]$[77, 0, 677, 319]"/>
    <sourceAnchor xmi:type="notation:IdentityAnchor" xmi:id="2da0fb44-fb18-4eed-865c-91f5594275f4" id="(1.0,0.48)"/>
    <targetAnchor xmi:type="notation:IdentityAnchor" xmi:id="60fb3de9-d579-4b59-9213-36bf3a7e0f04" id="(1.0,0.24277456647398843)"/>
  </edges>
  <edges xmi:type="notation:Edge" xmi:id="1ba34cbb-53a2-47a3-940b-d3096b7567fe" type="joinLink" source="caa5f5db-2358-4f55-b3ba-b26cf4c3e149" target="a8bf3af1-6791-46de-ba2a-e04c67bc18b1">
    <element xsi:nil="true"/>
    <bendpoints xmi:type="notation:RelativeBendpoints" xmi:id="493e40c0-0c99-4d0e-931d-84f2e4d1903a" points="[17, 0, 1063, 383]$[77, 0, 1123, 383]"/>
    <sourceAnchor xmi:type="notation:IdentityAnchor" xmi:id="f92eba27-c7ad-42b4-a56d-7118914a5b10" id="(1.0,0.48)"/>
    <targetAnchor xmi:type="notation:IdentityAnchor" xmi:id="c4a03ba8-da52-42de-9654-f37ef92dbfbf" id="(1.0,0.6666666666666666)"/>
  </edges>
  <edges xmi:type="notation:Edge" xmi:id="b9c4aaed-d55f-4e84-ba54-99ec4d902c6f" type="joinLink" source="caa5f5db-2358-4f55-b3ba-b26cf4c3e149" target="0e111f21-1c19-4d94-b90a-d96713a239bc">
    <element xsi:nil="true"/>
    <bendpoints xmi:type="notation:RelativeBendpoints" xmi:id="f7be74ad-df3a-40ca-b56a-73203a45320c" points="[17, 0, 991, -58]$[77, 0, 1051, -58]"/>
    <sourceAnchor xmi:type="notation:IdentityAnchor" xmi:id="903a8652-2b4b-4f72-ab4b-034d349f5382" id="(1.0,0.48)"/>
    <targetAnchor xmi:type="notation:IdentityAnchor" xmi:id="768cba07-ab03-4e42-b9f1-eb6434516979" id="(1.0,0.1506849315068493)"/>
  </edges>
  <edges xmi:type="notation:Edge" xmi:id="65b95462-a24d-421c-8fda-facfd8a7d94d" type="joinLink" source="451d79e3-806f-4e94-82d8-7f5e09604a01" target="a8bf3af1-6791-46de-ba2a-e04c67bc18b1">
    <element xsi:nil="true"/>
    <bendpoints xmi:type="notation:RelativeBendpoints" xmi:id="2a2e67c5-4e68-4b69-8aa5-2c894b1c1493" points="[17, 0, 1063, 499]$[77, 0, 1123, 499]"/>
    <sourceAnchor xmi:type="notation:IdentityAnchor" xmi:id="e6fd6da5-b26a-4188-b993-21ad44670ce5" id="(1.0,0.48)"/>
    <targetAnchor xmi:type="notation:IdentityAnchor" xmi:id="19eaaf2d-9ccf-41cd-9395-eada1fe5cc2e" id="(1.0,0.8282828282828283)"/>
  </edges>
  <edges xmi:type="notation:Edge" xmi:id="e72834ce-6c55-4455-accf-451866a8d131" type="joinLink" source="451d79e3-806f-4e94-82d8-7f5e09604a01" target="98e6aee2-735a-48b9-ae4c-592324064f78">
    <element xsi:nil="true"/>
    <bendpoints xmi:type="notation:RelativeBendpoints" xmi:id="35d659c9-208c-417f-b7df-30f7db808ddf" points="[17, 0, 577, 94]$[77, 0, 637, 94]"/>
    <sourceAnchor xmi:type="notation:IdentityAnchor" xmi:id="5281ad73-1408-4a69-a1dd-aef3d0bac827" id="(1.0,0.48)"/>
    <targetAnchor xmi:type="notation:IdentityAnchor" xmi:id="9f7c3151-a006-46b1-b018-29cd35af8285" id="(1.0,0.24855491329479767)"/>
  </edges>
  <edges xmi:type="notation:Edge" xmi:id="2bd856c6-96bc-403b-a93b-ba6a3f6fd875" type="joinLink" source="a9e7ede7-eaaf-415f-bb95-5da1a673c4ee" target="98e6aee2-735a-48b9-ae4c-592324064f78">
    <element xsi:nil="true"/>
    <bendpoints xmi:type="notation:RelativeBendpoints" xmi:id="05033e88-a0cd-413d-a3fd-f76b624ec128" points="[17, 0, 577, 292]$[77, 0, 637, 292]"/>
    <sourceAnchor xmi:type="notation:IdentityAnchor" xmi:id="0fa99d5a-0a32-43f7-ad43-c2c64c6d5c17" id="(1.0,0.48)"/>
    <targetAnchor xmi:type="notation:IdentityAnchor" xmi:id="fdfb59e5-aac2-4f23-9ff9-ed271e301dbc" id="(1.0,0.7456647398843931)"/>
  </edges>
  <edges xmi:type="notation:Edge" xmi:id="bf3eb33a-c818-44e4-88ee-67d52aed9392" type="joinLink" source="a9e7ede7-eaaf-415f-bb95-5da1a673c4ee" target="3f4072f9-918b-44b9-b304-4adc8cbe2419">
    <element xsi:nil="true"/>
    <bendpoints xmi:type="notation:RelativeBendpoints" xmi:id="865de542-760d-4105-8757-63fc3ca16c15" points="[17, 0, 736, 118]$[77, 0, 796, 118]"/>
    <sourceAnchor xmi:type="notation:IdentityAnchor" xmi:id="75bd94ba-64ea-4ce6-965c-e96c86e65e99" id="(1.0,0.48)"/>
    <targetAnchor xmi:type="notation:IdentityAnchor" xmi:id="bbdba939-f597-42c9-8c6a-8f812a5a2ba5" id="(1.0,0.32653061224489793)"/>
  </edges>
</notation:Diagram>
]]></diagram>
</map:map>