<?xml version="1.0" encoding="UTF-8"?>
<map:map xmlns:map="http://www.indy.com/v2/map" id="_UP8rXz5xEe2HIsvGuwi14w" internalVersion="8" tech="resource.tech#_waYSMH8VEd2__Mzb_dB76A?fileId=_waYSMH8VEd2__Mzb_dB76A$type=tech$name=flow?">
  <datastore id="_UP8rYD5xEe2HIsvGuwi14w" alias="DIM_TIME" dataset="_UP8rez5xEe2HIsvGuwi14w" ref="resource.md#_Jarh1D44Ee27Rbg9YrGf1Q?fileId=__IDbYD43Ee27Rbg9YrGf1Q$type=md$name=DIM_TIME?" subExpression="[A]">
    <field id="_UP8rYT5xEe2HIsvGuwi14w" enable="true" insert="true" name="TIME_QUARTER" ref="resource.md#_JariCz44Ee27Rbg9YrGf1Q?fileId=__IDbYD43Ee27Rbg9YrGf1Q$type=md$name=TIME_QUARTER?" update="true">
      <expression id="_UP8rYj5xEe2HIsvGuwi14w" location="WRK" setDescriptorRef="_UP8rdD5xEe2HIsvGuwi14w">
        <expression>quarter(mutualization.DAY_DATE)</expression>
      </expression>
    </field>
    <field id="_UP8rYz5xEe2HIsvGuwi14w" enable="true" insert="true" name="TIME_MONTH_NAME" ref="resource.md#_JariBD44Ee27Rbg9YrGf1Q?fileId=__IDbYD43Ee27Rbg9YrGf1Q$type=md$name=TIME_MONTH_NAME?" update="true">
      <expression id="_UP8rZD5xEe2HIsvGuwi14w" location="WRK" setDescriptorRef="_UP8rdD5xEe2HIsvGuwi14w">
        <expression>monthname(mutualization.DAY_DATE)</expression>
      </expression>
    </field>
    <field id="_UP8rZT5xEe2HIsvGuwi14w" enable="true" insert="true" name="TIME_WEEK_DAY" ref="resource.md#_Jarh7T44Ee27Rbg9YrGf1Q?fileId=__IDbYD43Ee27Rbg9YrGf1Q$type=md$name=TIME_WEEK_DAY?" update="true">
      <expression id="_UP8rZj5xEe2HIsvGuwi14w" location="WRK" setDescriptorRef="_UP8rdD5xEe2HIsvGuwi14w">
        <expression>dayofweek(mutualization.DAY_DATE)</expression>
      </expression>
    </field>
    <field id="_UP8rZz5xEe2HIsvGuwi14w" enable="true" insert="true" name="TIME_DAY_NAME" ref="resource.md#_Jarh9T44Ee27Rbg9YrGf1Q?fileId=__IDbYD43Ee27Rbg9YrGf1Q$type=md$name=TIME_DAY_NAME?" update="true">
      <expression id="_UP8raD5xEe2HIsvGuwi14w" location="WRK" setDescriptorRef="_UP8rdD5xEe2HIsvGuwi14w">
        <expression>dayname(mutualization.DAY_DATE)</expression>
      </expression>
    </field>
    <field id="_UP8raT5xEe2HIsvGuwi14w" enable="true" insert="true" name="TIME_MONTH" ref="resource.md#_Jarh_D44Ee27Rbg9YrGf1Q?fileId=__IDbYD43Ee27Rbg9YrGf1Q$type=md$name=TIME_MONTH?" update="true">
      <expression id="_UP8raj5xEe2HIsvGuwi14w" location="WRK" setDescriptorRef="_UP8rdD5xEe2HIsvGuwi14w">
        <expression>convert(mutualization.TIME_MONTH,NUMERIC)</expression>
      </expression>
    </field>
    <field id="_UP8raz5xEe2HIsvGuwi14w" enable="true" insert="true" name="TIME_KEY_DAY" ref="resource.md#_Jarh1z44Ee27Rbg9YrGf1Q?fileId=__IDbYD43Ee27Rbg9YrGf1Q$type=md$name=TIME_KEY_DAY?" update="true" updateKey="true">
      <expression id="_UP8rbD5xEe2HIsvGuwi14w" location="WRK" setDescriptorRef="_UP8rdD5xEe2HIsvGuwi14w">
        <expression>mutualization.TIME_YEAR + '/' + mutualization.TIME_MONTH + '/' + mutualization.TIME_MONTH_DAY</expression>
      </expression>
    </field>
    <field id="_UP8rbT5xEe2HIsvGuwi14w" enable="true" insert="true" name="TIME_DATE" ref="resource.md#_Jarh3j44Ee27Rbg9YrGf1Q?fileId=__IDbYD43Ee27Rbg9YrGf1Q$type=md$name=TIME_DATE?" update="true">
      <expression id="_UP8rbj5xEe2HIsvGuwi14w" location="WRK" setDescriptorRef="_UP8rdD5xEe2HIsvGuwi14w">
        <expression>mutualization.DAY_DATE</expression>
      </expression>
    </field>
    <field id="_UP8rbz5xEe2HIsvGuwi14w" enable="true" insert="true" name="TIME_YEAR" ref="resource.md#_JariEz44Ee27Rbg9YrGf1Q?fileId=__IDbYD43Ee27Rbg9YrGf1Q$type=md$name=TIME_YEAR?" update="true">
      <expression id="_UP8rcD5xEe2HIsvGuwi14w" location="WRK" setDescriptorRef="_UP8rdD5xEe2HIsvGuwi14w">
        <expression>convert(mutualization.TIME_YEAR,NUMERIC)</expression>
      </expression>
    </field>
    <field id="_UP8rcT5xEe2HIsvGuwi14w" enable="true" insert="true" name="TIME_MONTH_DAY" ref="resource.md#_Jarh5T44Ee27Rbg9YrGf1Q?fileId=__IDbYD43Ee27Rbg9YrGf1Q$type=md$name=TIME_MONTH_DAY?" update="true">
      <expression id="_UP8rcj5xEe2HIsvGuwi14w" location="WRK" setDescriptorRef="_UP8rdD5xEe2HIsvGuwi14w">
        <expression>convert(mutualization.TIME_MONTH_DAY,NUMERIC)</expression>
      </expression>
    </field>
    <constraint id="_UP8rcz5xEe2HIsvGuwi14w" name="PK_DIM_TIME" ref="resource.md#_JariGz44Ee27Rbg9YrGf1Q?fileId=__IDbYD43Ee27Rbg9YrGf1Q$type=md$name=PK_DIM_TIME?" reject="true"/>
    <setDescriptor id="_UP8rdD5xEe2HIsvGuwi14w" label="A"/>
  </datastore>
  <datastore id="_UP8rdT5xEe2HIsvGuwi14w" alias="Time" dataset="_UP8rfD5xEe2HIsvGuwi14w" ref="resource.md#_KBAe8D5ZEe2HIsvGuwi14w?fileId=_PA9NwD44Ee27Rbg9YrGf1Q$type=md$name=Time?">
    <field id="_UP8rdj5xEe2HIsvGuwi14w" expand="true" name="Time" ref="resource.md#_KBAe8D5ZEe2HIsvGuwi14w?fileId=_PA9NwD44Ee27Rbg9YrGf1Q$type=md$name=Time?" updateKey="true"/>
    <field id="_UP8rdz5xEe2HIsvGuwi14w" fullAlias="day_date" name="day_date" parent="_UP8rdj5xEe2HIsvGuwi14w" ref="resource.md#_TOe7ID5ZEe2HIsvGuwi14w?fileId=_PA9NwD44Ee27Rbg9YrGf1Q$type=md$name=day_date?"/>
  </datastore>
  <datastore id="_CVBr4D5zEe2HIsvGuwi14w" alias="T_PLANNING" dataset="_CVBr5T5zEe2HIsvGuwi14w" ref="resource.md#_W7S01D49Ee27Rbg9YrGf1Q?fileId=_SuIQ0D49Ee27Rbg9YrGf1Q$type=md$name=T_PLANNING?">
    <field id="_CVBr4j5zEe2HIsvGuwi14w" fullAlias="PLN_DAY" name="PLN_DAY" ref="resource.md#_W7S01z49Ee27Rbg9YrGf1Q?fileId=_SuIQ0D49Ee27Rbg9YrGf1Q$type=md$name=PLN_DAY?" updateKey="true"/>
    <constraint id="_CVBr4z5zEe2HIsvGuwi14w" name="PK_T_PLANNING" ref="resource.md#_W7S03j49Ee27Rbg9YrGf1Q?fileId=_SuIQ0D49Ee27Rbg9YrGf1Q$type=md$name=PK_T_PLANNING?" reject="true"/>
  </datastore>
  <template id="_UP8reD5xEe2HIsvGuwi14w" name="L2_mutualization" process="resource.proc#_a-mEoaIhEd68f8w2ej5O-w?fileId=_a-mEoaIhEd68f8w2ej5O-w$type=proc$name=LOAD%20File%20to%20Rdbms?" sourceId="_UP8rdT5xEe2HIsvGuwi14w" targetId="_WlQ80D5xEe2HIsvGuwi14w"/>
  <template id="_UP8reT5xEe2HIsvGuwi14w" name="I_DIM_TIME" process="resource.proc#_HFOfdjEZEd-WZe6cNi2k2w?fileId=_HFOfdjEZEd-WZe6cNi2k2w$type=proc$name=INTEGRATION%20Hsql?" targetId="_UP8rYD5xEe2HIsvGuwi14w">
    <parameter id="_UP8rej5xEe2HIsvGuwi14w" name="useDistinct" value="true"/>
  </template>
  <template id="_Wlat5T5xEe2HIsvGuwi14w" name="I_mutualization" process="resource.proc#_v8JEkTNEEeSH5LKy1U4ptg?fileId=_v8JEkTNEEeSH5LKy1U4ptg$type=proc$name=STAGING%20Rdbms%20As%20SubQuery?" targetId="_WlQ80D5xEe2HIsvGuwi14w"/>
  <template id="_EHZofD5zEe2HIsvGuwi14w" name="L1_mutualization" process="resource.proc#_aafbe681-11ab-4ebc-ab56-de794128c580?fileId=_aafbe681-11ab-4ebc-ab56-de794128c580$type=proc$name=LOAD%20Rdbms%20to%20Rdbms?" sourceId="_CVBr4D5zEe2HIsvGuwi14w" targetId="_WlQ80D5xEe2HIsvGuwi14w"/>
  <query id="_WlQ80D5xEe2HIsvGuwi14w" alias="mutualization" dataset="_WlQ80j5xEe2HIsvGuwi14w" stagingArea="resource.md#__N0sMD43Ee27Rbg9YrGf1Q?fileId=__IDbYD43Ee27Rbg9YrGf1Q$type=md$name=HOTEL_DATAMART?" subExpression="[File] union [table]">
    <field id="_Wlat0D5xEe2HIsvGuwi14w" name="day_date">
      <expression id="_Wlat0j5xEe2HIsvGuwi14w" location="WRK" setDescriptorRef="_Wlat0T5xEe2HIsvGuwi14w">
        <expression>convert(substr(Time.DAY_DATE, 7,4) + '-' + substr(Time.DAY_DATE, 4,2) + '-' + substr(Time.DAY_DATE, 1,2) + ' 00:00:00',TIMESTAMP)</expression>
      </expression>
      <expression id="_4D9EsD5yEe2HIsvGuwi14w" location="WRK" setDescriptorRef="_4D7PgD5yEe2HIsvGuwi14w">
        <expression>t_planning.pln_day</expression>
      </expression>
    </field>
    <field id="_eAAQED5xEe2HIsvGuwi14w" name="TIME_MONTH_DAY">
      <expression id="_eAAQET5xEe2HIsvGuwi14w" location="WRK" setDescriptorRef="_Wlat0T5xEe2HIsvGuwi14w">
        <expression>substr(Time.DAY_DATE, 1,2)</expression>
      </expression>
      <expression id="_4D9EsT5yEe2HIsvGuwi14w" location="WRK" setDescriptorRef="_4D7PgD5yEe2HIsvGuwi14w">
        <expression>SUBSTR(CAST(t_planning.pln_day AS VARCHAR),9,2)</expression>
      </expression>
    </field>
    <field id="_eHJZ4D5xEe2HIsvGuwi14w" name="TIME_MONTH">
      <expression id="_eHJZ4T5xEe2HIsvGuwi14w" location="WRK" setDescriptorRef="_Wlat0T5xEe2HIsvGuwi14w">
        <expression>substr(Time.DAY_DATE,4,2)</expression>
      </expression>
      <expression id="_4D9Esj5yEe2HIsvGuwi14w" location="WRK" setDescriptorRef="_4D7PgD5yEe2HIsvGuwi14w">
        <expression>SUBSTR(CAST(t_planning.pln_day AS VARCHAR),6,2)</expression>
      </expression>
    </field>
    <field id="_eL4I4D5xEe2HIsvGuwi14w" name="TIME_YEAR">
      <expression id="_eL4v8D5xEe2HIsvGuwi14w" location="WRK" setDescriptorRef="_Wlat0T5xEe2HIsvGuwi14w">
        <expression>substr(Time.DAY_DATE, 7,4)</expression>
      </expression>
      <expression id="_4D9Esz5yEe2HIsvGuwi14w" location="WRK" setDescriptorRef="_4D7PgD5yEe2HIsvGuwi14w">
        <expression>SUBSTR(CAST(t_planning.pln_day AS VARCHAR),1,4)</expression>
      </expression>
    </field>
    <setDescriptor id="_Wlat0T5xEe2HIsvGuwi14w" label="File"/>
    <setDescriptor id="_4D7PgD5yEe2HIsvGuwi14w" label="table"/>
  </query>
  <dataSet id="_UP8rez5xEe2HIsvGuwi14w">
    <container>_UP8rYD5xEe2HIsvGuwi14w</container>
  </dataSet>
  <dataSet id="_UP8rfD5xEe2HIsvGuwi14w">
    <container>_UP8rdT5xEe2HIsvGuwi14w</container>
  </dataSet>
  <dataSet id="_WlQ80j5xEe2HIsvGuwi14w">
    <container>_WlQ80D5xEe2HIsvGuwi14w</container>
  </dataSet>
  <dataSet id="_CVBr5T5zEe2HIsvGuwi14w">
    <container>_CVBr4D5zEe2HIsvGuwi14w</container>
  </dataSet>
  <hint>
    <usedField>#_UP8rdz5xEe2HIsvGuwi14w</usedField>
    <usedField>#_CVBr4j5zEe2HIsvGuwi14w</usedField>
  </hint>
  <diagram><![CDATA[<?xml version="1.0" encoding="UTF-8"?>
<notation:Diagram xmi:version="2.0" xmlns:xmi="http://www.omg.org/XMI" xmlns:xsi="http://www.w3.org/2001/XMLSchema-instance" xmlns:map="http://www.indy.com/v2/map" xmlns:notation="http://www.eclipse.org/gmf/runtime/1.0.1/notation" xsi:schemaLocation="http://www.eclipse.org/gmf/runtime/1.0.1/notation " xmi:id="afbb2319-3be0-4c7c-ba76-d504f1abbcfd" type="Map" measurementUnit="Pixel">
  <children xmi:type="notation:Shape" xmi:id="99892e18-bcc0-4887-bac0-4e796940c2ab" type="2004" fontName="Segoe UI">
    <children xmi:type="notation:DecorationNode" xmi:id="465d7b56-356e-45c7-a88e-6070ebfaa754" type="5005"/>
    <children xmi:type="notation:DecorationNode" xmi:id="0a67077c-ac4e-430b-b2a9-6162c7d4a14a" type="5007"/>
    <children xmi:type="notation:DecorationNode" xmi:id="359c16bc-f0f3-4cf5-83d5-11428819c7f2" type="7003"/>
    <children xmi:type="notation:DecorationNode" xmi:id="d60b701d-c39f-4b64-8042-4147fb31650a" type="7009"/>
    <children xmi:type="notation:BasicCompartment" xmi:id="0108873f-fb9e-4d6c-8af0-602de32c1a8d" type="7004">
      <styles xmi:type="notation:SortingStyle" xmi:id="ebaa837f-8496-4bcb-a9f0-673f60def6bc"/>
      <styles xmi:type="notation:FilteringStyle" xmi:id="24b9cdbd-c337-4b56-8a07-0a7595c64a63"/>
    </children>
    <children xmi:type="notation:DecorationNode" xmi:id="1f4a107f-53d3-4471-9f92-580151dd32f8" type="5009">
      <styles xmi:type="notation:DrawerStyle" xmi:id="228f5532-89a6-40f1-9e65-a3a174dfff91"/>
    </children>
    <children xmi:type="notation:DecorationNode" xmi:id="f74ba951-c06a-4a3f-9afb-85411d8b0852" type="7005">
      <styles xmi:type="notation:SortingStyle" xmi:id="748fdb7a-473e-4c58-8eb9-6b9d4a2cc5bb"/>
      <styles xmi:type="notation:FilteringStyle" xmi:id="9c190bea-c9d1-4dcf-bed7-90688416176a"/>
    </children>
    <children xmi:type="notation:BasicCompartment" xmi:id="545d2ce4-d577-4a4a-aeeb-b4277f6cdf7c" type="7007"/>
    <element xmi:type="map:Datastore" href="resource.map#_UP8rdT5xEe2HIsvGuwi14w?fileId=_UP8rXz5xEe2HIsvGuwi14w$type=map?"/>
    <layoutConstraint xmi:type="notation:Bounds" xmi:id="f2a83fc2-4ce8-4c30-9f91-6dc87f2d4956" x="30" y="119"/>
  </children>
  <children xmi:type="notation:Shape" xmi:id="_WlQ84z5xEe2HIsvGuwi14w" type="2001" fontName="Segoe UI">
    <children xmi:type="notation:DecorationNode" xmi:id="_WlQ85T5xEe2HIsvGuwi14w" type="5001"/>
    <children xmi:type="notation:DecorationNode" xmi:id="_WlQ85j5xEe2HIsvGuwi14w" type="5007"/>
    <children xmi:type="notation:DecorationNode" xmi:id="_WlQ85z5xEe2HIsvGuwi14w" type="7001"/>
    <children xmi:type="notation:DecorationNode" xmi:id="_WlQ86D5xEe2HIsvGuwi14w" type="7011"/>
    <children xmi:type="notation:BasicCompartment" xmi:id="_WlQ86T5xEe2HIsvGuwi14w" type="7002">
      <styles xmi:type="notation:SortingStyle" xmi:id="_WlQ86j5xEe2HIsvGuwi14w"/>
      <styles xmi:type="notation:FilteringStyle" xmi:id="_WlQ86z5xEe2HIsvGuwi14w"/>
    </children>
    <children xmi:type="notation:DecorationNode" xmi:id="_WlQ87D5xEe2HIsvGuwi14w" type="5008">
      <styles xmi:type="notation:DrawerStyle" xmi:id="_WlQ87T5xEe2HIsvGuwi14w"/>
    </children>
    <children xmi:type="notation:BasicCompartment" xmi:id="_WlQ87j5xEe2HIsvGuwi14w" type="7007"/>
    <element xmi:type="map:Query" href="resource.map#_WlQ80D5xEe2HIsvGuwi14w?fileId=_UP8rXz5xEe2HIsvGuwi14w$type=map?"/>
    <layoutConstraint xmi:type="notation:Bounds" xmi:id="_WlQ85D5xEe2HIsvGuwi14w" x="263" y="80"/>
  </children>
  <children xmi:type="notation:Shape" xmi:id="4ebcc4ff-c02c-4aba-8053-a0992aef9c0f" type="2004" fontName="Segoe UI">
    <children xmi:type="notation:DecorationNode" xmi:id="82f480e6-781b-46cc-8e3d-686b160c67d7" type="5005"/>
    <children xmi:type="notation:DecorationNode" xmi:id="e6b9108e-78dd-4c62-83df-d65f83ba9630" type="5007"/>
    <children xmi:type="notation:DecorationNode" xmi:id="27dab37a-156b-4985-83af-d179f24a5f88" type="7003"/>
    <children xmi:type="notation:DecorationNode" xmi:id="38f9e7a8-8c9a-4982-b5ef-01578a91c874" type="7009"/>
    <children xmi:type="notation:BasicCompartment" xmi:id="7cc44bfb-41f2-49b5-b2cf-4a40bd3b0eb3" type="7004">
      <styles xmi:type="notation:SortingStyle" xmi:id="7a0c474a-88b9-428b-8920-d8a03df1d1d9"/>
      <styles xmi:type="notation:FilteringStyle" xmi:id="cd608d36-e9fa-4b68-9de4-9f7662c1ca6c"/>
    </children>
    <children xmi:type="notation:DecorationNode" xmi:id="c1e3f3fd-c874-4d5c-a262-8224d2cfdfc1" type="5009">
      <styles xmi:type="notation:DrawerStyle" xmi:id="f639bd90-a184-4aa7-bf2c-401476a6640c"/>
    </children>
    <children xmi:type="notation:DecorationNode" xmi:id="ca4038c6-d1c9-41f5-a0b1-0e3136804a50" type="7005">
      <styles xmi:type="notation:SortingStyle" xmi:id="1d10b8a4-a0b1-4fbd-a8d9-971c3cae64eb"/>
      <styles xmi:type="notation:FilteringStyle" xmi:id="34333d92-cabe-4ce2-8733-6c5b25d08833"/>
    </children>
    <children xmi:type="notation:BasicCompartment" xmi:id="9288efc7-b2e4-4266-98d9-c25226474fab" type="7007"/>
    <element xmi:type="map:Datastore" href="resource.map#_UP8rYD5xEe2HIsvGuwi14w?fileId=_UP8rXz5xEe2HIsvGuwi14w$type=map?"/>
    <layoutConstraint xmi:type="notation:Bounds" xmi:id="d1ccfb25-9668-4c7a-a691-75c9fffb6e0b" x="923" y="30"/>
  </children>
  <children xmi:type="notation:Shape" xmi:id="_CVBsAz5zEe2HIsvGuwi14w" type="2004" fontName="Segoe UI">
    <children xmi:type="notation:DecorationNode" xmi:id="_CVBsBT5zEe2HIsvGuwi14w" type="5005"/>
    <children xmi:type="notation:DecorationNode" xmi:id="_CVBsBj5zEe2HIsvGuwi14w" type="5007"/>
    <children xmi:type="notation:DecorationNode" xmi:id="_CVBsBz5zEe2HIsvGuwi14w" type="7003"/>
    <children xmi:type="notation:DecorationNode" xmi:id="_CVBsCD5zEe2HIsvGuwi14w" type="7009"/>
    <children xmi:type="notation:BasicCompartment" xmi:id="_CVBsCT5zEe2HIsvGuwi14w" type="7004">
      <styles xmi:type="notation:SortingStyle" xmi:id="_CVBsCj5zEe2HIsvGuwi14w"/>
      <styles xmi:type="notation:FilteringStyle" xmi:id="_CVBsCz5zEe2HIsvGuwi14w"/>
    </children>
    <children xmi:type="notation:DecorationNode" xmi:id="_CVBsDD5zEe2HIsvGuwi14w" type="5009">
      <styles xmi:type="notation:DrawerStyle" xmi:id="_CVBsDT5zEe2HIsvGuwi14w"/>
    </children>
    <children xmi:type="notation:DecorationNode" xmi:id="_CVBsDj5zEe2HIsvGuwi14w" type="7005">
      <styles xmi:type="notation:SortingStyle" xmi:id="_CVBsDz5zEe2HIsvGuwi14w"/>
      <styles xmi:type="notation:FilteringStyle" xmi:id="_CVBsED5zEe2HIsvGuwi14w"/>
    </children>
    <children xmi:type="notation:BasicCompartment" xmi:id="_CVBsET5zEe2HIsvGuwi14w" type="7007"/>
    <element xmi:type="map:Datastore" href="resource.map#_CVBr4D5zEe2HIsvGuwi14w?fileId=_UP8rXz5xEe2HIsvGuwi14w$type=map?"/>
    <layoutConstraint xmi:type="notation:Bounds" xmi:id="_CVBsBD5zEe2HIsvGuwi14w" x="5" y="265"/>
  </children>
  <styles xmi:type="notation:DiagramStyle" xmi:id="16e69f00-cebc-48a4-8527-745402db7ed7"/>
  <element xmi:type="map:Map" href="resource.map#_UP8rXz5xEe2HIsvGuwi14w?fileId=_UP8rXz5xEe2HIsvGuwi14w$type=map$name=LoadDim_time?"/>
  <edges xmi:type="notation:Edge" xmi:id="ed5e8bc2-1dd9-44cd-b20c-4be49a953cec" type="targetSetLink" source="4ebcc4ff-c02c-4aba-8053-a0992aef9c0f" target="4ebcc4ff-c02c-4aba-8053-a0992aef9c0f">
    <element xmi:type="map:SetDescriptor" href="resource.map#_UP8rdD5xEe2HIsvGuwi14w?fileId=_UP8rXz5xEe2HIsvGuwi14w$type=map?"/>
    <bendpoints xmi:type="notation:RelativeBendpoints" xmi:id="dbd2d149-5bc4-4e22-9c5d-fa548a4291fc" points="[0, 0, 0, 0]$[0, 0, 0, 0]"/>
  </edges>
  <edges xmi:type="notation:Edge" xmi:id="_Wlat1T5xEe2HIsvGuwi14w" type="targetLink" source="_WlQ84z5xEe2HIsvGuwi14w" target="99892e18-bcc0-4887-bac0-4e796940c2ab">
    <element xsi:nil="true"/>
    <bendpoints xmi:type="notation:RelativeBendpoints" xmi:id="_Wlat1j5xEe2HIsvGuwi14w" points="[0, 0, 60, 0]$[-60, 0, 0, 0]"/>
    <sourceAnchor xmi:type="notation:IdentityAnchor" xmi:id="_DD0hAD5yEe2HIsvGuwi14w" id="(0.0,0.49710982658959535)"/>
    <targetAnchor xmi:type="notation:IdentityAnchor" xmi:id="_DD0hAT5yEe2HIsvGuwi14w" id="(1.0,0.49473684210526314)"/>
  </edges>
  <edges xmi:type="notation:Edge" xmi:id="_Wlat1z5xEe2HIsvGuwi14w" type="targetDataSetLink" source="_WlQ84z5xEe2HIsvGuwi14w" target="_WlQ84z5xEe2HIsvGuwi14w">
    <element xmi:type="map:DataSet" href="resource.map#_UP8rfD5xEe2HIsvGuwi14w?fileId=_UP8rXz5xEe2HIsvGuwi14w$type=map?"/>
    <bendpoints xmi:type="notation:RelativeBendpoints" xmi:id="_Wlat2D5xEe2HIsvGuwi14w" points="[0, 0, 0, 0]$[0, 0, 0, 0]"/>
  </edges>
  <edges xmi:type="notation:Edge" xmi:id="_Wlat2T5xEe2HIsvGuwi14w" type="targetSetLink" source="_WlQ84z5xEe2HIsvGuwi14w" target="_WlQ84z5xEe2HIsvGuwi14w">
    <element xmi:type="map:SetDescriptor" href="resource.map#_Wlat0T5xEe2HIsvGuwi14w?fileId=_UP8rXz5xEe2HIsvGuwi14w$type=map?"/>
    <bendpoints xmi:type="notation:RelativeBendpoints" xmi:id="_Wlat2j5xEe2HIsvGuwi14w" points="[0, 0, 0, 0]$[0, 0, 0, 0]"/>
  </edges>
  <edges xmi:type="notation:Edge" xmi:id="_v3J30D5xEe2HIsvGuwi14w" type="targetLink" source="4ebcc4ff-c02c-4aba-8053-a0992aef9c0f" target="_WlQ84z5xEe2HIsvGuwi14w">
    <element xsi:nil="true"/>
    <bendpoints xmi:type="notation:RelativeBendpoints" xmi:id="_v3J30T5xEe2HIsvGuwi14w" points="[0, 0, 60, 0]$[-60, 0, 0, 0]"/>
    <sourceAnchor xmi:type="notation:IdentityAnchor" xmi:id="_DD0hAj5yEe2HIsvGuwi14w" id="(0.0,0.4981684981684982)"/>
    <targetAnchor xmi:type="notation:IdentityAnchor" xmi:id="_DD0hAz5yEe2HIsvGuwi14w" id="(1.0,0.49710982658959535)"/>
  </edges>
  <edges xmi:type="notation:Edge" xmi:id="_v3J30j5xEe2HIsvGuwi14w" type="targetDataSetLink" source="4ebcc4ff-c02c-4aba-8053-a0992aef9c0f" target="4ebcc4ff-c02c-4aba-8053-a0992aef9c0f">
    <element xmi:type="map:DataSet" href="resource.map#_WlQ80j5xEe2HIsvGuwi14w?fileId=_UP8rXz5xEe2HIsvGuwi14w$type=map?"/>
    <bendpoints xmi:type="notation:RelativeBendpoints" xmi:id="_v3J30z5xEe2HIsvGuwi14w" points="[0, 0, 0, 0]$[0, 0, 0, 0]"/>
  </edges>
  <edges xmi:type="notation:Edge" xmi:id="_EHV-ED5zEe2HIsvGuwi14w" type="targetLink" source="_WlQ84z5xEe2HIsvGuwi14w" target="_CVBsAz5zEe2HIsvGuwi14w">
    <element xsi:nil="true"/>
    <bendpoints xmi:type="notation:RelativeBendpoints" xmi:id="_EHV-ET5zEe2HIsvGuwi14w" points="[-167, 65, 222, -86]$[-288, 112, 101, -39]"/>
  </edges>
  <edges xmi:type="notation:Edge" xmi:id="_EHV-Ej5zEe2HIsvGuwi14w" type="targetDataSetLink" source="_WlQ84z5xEe2HIsvGuwi14w" target="_WlQ84z5xEe2HIsvGuwi14w">
    <element xmi:type="map:DataSet" href="resource.map#_CVBr5T5zEe2HIsvGuwi14w?fileId=_UP8rXz5xEe2HIsvGuwi14w$type=map?"/>
    <bendpoints xmi:type="notation:RelativeBendpoints" xmi:id="_EHV-Ez5zEe2HIsvGuwi14w" points="[0, 0, 0, 0]$[0, 0, 0, 0]"/>
  </edges>
  <edges xmi:type="notation:Edge" xmi:id="_EHV-FD5zEe2HIsvGuwi14w" type="targetSetLink" source="_WlQ84z5xEe2HIsvGuwi14w" target="_WlQ84z5xEe2HIsvGuwi14w">
    <element xmi:type="map:SetDescriptor" href="resource.map#_4D7PgD5yEe2HIsvGuwi14w?fileId=_UP8rXz5xEe2HIsvGuwi14w$type=map?"/>
    <bendpoints xmi:type="notation:RelativeBendpoints" xmi:id="_EHV-FT5zEe2HIsvGuwi14w" points="[0, 0, 0, 0]$[0, 0, 0, 0]"/>
  </edges>
</notation:Diagram>
]]></diagram>
</map:map>