<?xml version="1.0" encoding="UTF-8"?>
<map:map xmlns:map="http://www.indy.com/v2/map" id="_hdel8EAFEe2tTJjc7xXTDQ" internalVersion="8" tech="resource.tech#_waYSMH8VEd2__Mzb_dB76A?fileId=_waYSMH8VEd2__Mzb_dB76A$type=tech$name=flow?">
  <datastore id="_kGhr0EAFEe2tTJjc7xXTDQ" alias="T_ADDRESS" dataset="_kG1N0EAFEe2tTJjc7xXTDQ" ref="resource.md#_W606xD49Ee27Rbg9YrGf1Q?fileId=_SuIQ0D49Ee27Rbg9YrGf1Q$type=md$name=T_ADDRESS?">
    <field id="_kGsD4UAFEe2tTJjc7xXTDQ" fullAlias="ADR_ID" name="ADR_ID" ref="resource.md#_W606xz49Ee27Rbg9YrGf1Q?fileId=_SuIQ0D49Ee27Rbg9YrGf1Q$type=md$name=ADR_ID?" updateKey="true"/>
    <field id="_kGsD4kAFEe2tTJjc7xXTDQ" name="CUS_ID" ref="resource.md#_W606zz49Ee27Rbg9YrGf1Q?fileId=_SuIQ0D49Ee27Rbg9YrGf1Q$type=md$name=CUS_ID?"/>
    <field id="_kGsD5EAFEe2tTJjc7xXTDQ" fullAlias="ADR_LINE2" name="ADR_LINE2" ref="resource.md#_W6063j49Ee27Rbg9YrGf1Q?fileId=_SuIQ0D49Ee27Rbg9YrGf1Q$type=md$name=ADR_LINE2?"/>
    <field id="_kGsD5kAFEe2tTJjc7xXTDQ" fullAlias="ADR_LINE4" name="ADR_LINE4" ref="resource.md#_W6067D49Ee27Rbg9YrGf1Q?fileId=_SuIQ0D49Ee27Rbg9YrGf1Q$type=md$name=ADR_LINE4?"/>
    <field id="_kGsD60AFEe2tTJjc7xXTDQ" name="ADR_LON" ref="resource.md#_W607ED49Ee27Rbg9YrGf1Q?fileId=_SuIQ0D49Ee27Rbg9YrGf1Q$type=md$name=ADR_LON?"/>
    <field id="_kGsD50AFEe2tTJjc7xXTDQ" fullAlias="ADR_ZIP_CODE" name="ADR_ZIP_CODE" ref="resource.md#_W6068z49Ee27Rbg9YrGf1Q?fileId=_SuIQ0D49Ee27Rbg9YrGf1Q$type=md$name=ADR_ZIP_CODE?"/>
    <field id="_kGsD6EAFEe2tTJjc7xXTDQ" fullAlias="ADR_CITY" name="ADR_CITY" ref="resource.md#_W606-j49Ee27Rbg9YrGf1Q?fileId=_SuIQ0D49Ee27Rbg9YrGf1Q$type=md$name=ADR_CITY?"/>
    <field id="_kGsD6UAFEe2tTJjc7xXTDQ" fullAlias="ADR_STATE_CODE" name="ADR_STATE_CODE" ref="resource.md#_W607AT49Ee27Rbg9YrGf1Q?fileId=_SuIQ0D49Ee27Rbg9YrGf1Q$type=md$name=ADR_STATE_CODE?"/>
    <field id="_kGsD6kAFEe2tTJjc7xXTDQ" name="ADR_LAT" ref="resource.md#_W607CD49Ee27Rbg9YrGf1Q?fileId=_SuIQ0D49Ee27Rbg9YrGf1Q$type=md$name=ADR_LAT?"/>
    <field id="_kGsD40AFEe2tTJjc7xXTDQ" fullAlias="ADR_LINE1" name="ADR_LINE1" ref="resource.md#_W6061z49Ee27Rbg9YrGf1Q?fileId=_SuIQ0D49Ee27Rbg9YrGf1Q$type=md$name=ADR_LINE1?"/>
    <field id="_kGsD5UAFEe2tTJjc7xXTDQ" fullAlias="ADR_LINE3" name="ADR_LINE3" ref="resource.md#_W6065T49Ee27Rbg9YrGf1Q?fileId=_SuIQ0D49Ee27Rbg9YrGf1Q$type=md$name=ADR_LINE3?"/>
    <constraint id="_kGsD7EAFEe2tTJjc7xXTDQ" name="FK_ADDRESS_CUSTOMER" ref="resource.md#_W7mW0D49Ee27Rbg9YrGf1Q?fileId=_SuIQ0D49Ee27Rbg9YrGf1Q$type=md$name=FK_ADDRESS_CUSTOMER?" reject="true"/>
    <constraint id="_kGsD7UAFEe2tTJjc7xXTDQ" name="PK_T_ADDRESS" ref="resource.md#_W607GD49Ee27Rbg9YrGf1Q?fileId=_SuIQ0D49Ee27Rbg9YrGf1Q$type=md$name=PK_T_ADDRESS?" reject="true"/>
  </datastore>
  <datastore id="_AzIvUEAIEe2tTJjc7xXTDQ" alias="geocode_address" dataset="_AzMZsEAIEe2tTJjc7xXTDQ" ref="resource.md#_YVS5jUAFEe2tTJjc7xXTDQ?fileId=_RjSaIEAFEe2tTJjc7xXTDQ$type=md$name=geocode_address?" subExpression="[A]">
    <field id="_AzJ9d0AIEe2tTJjc7xXTDQ" expand="true" name="geocode_addressResponse" parent="_AzJ9dkAIEe2tTJjc7xXTDQ" ref="resource.md#_YVS5pEAFEe2tTJjc7xXTDQ?fileId=_RjSaIEAFEe2tTJjc7xXTDQ$type=md$name=geocode_addressResponse?">
      <expression id="_hfuhUUAIEe2tTJjc7xXTDQ" setDescriptorRef="_hfuhUEAIEe2tTJjc7xXTDQ">
        <expression></expression>
      </expression>
    </field>
    <field id="_AzJ9iEAIEe2tTJjc7xXTDQ" name="faultstring" parent="_AzJ9hUAIEe2tTJjc7xXTDQ" ref="resource.md#_YVS540AFEe2tTJjc7xXTDQ?fileId=_RjSaIEAFEe2tTJjc7xXTDQ$type=md$name=faultstring?">
      <expression id="_hfuhUkAIEe2tTJjc7xXTDQ" setDescriptorRef="_hfuhUEAIEe2tTJjc7xXTDQ">
        <expression></expression>
      </expression>
    </field>
    <field id="_AzJ9cEAIEe2tTJjc7xXTDQ" enable="true" expand="true" insert="true" name="geocode_address" ref="resource.md#_YVS5jUAFEe2tTJjc7xXTDQ?fileId=_RjSaIEAFEe2tTJjc7xXTDQ$type=md$name=geocode_address?" update="true" updateKey="true">
      <expression id="_hfuhU0AIEe2tTJjc7xXTDQ" setDescriptorRef="_hfuhUEAIEe2tTJjc7xXTDQ">
        <expression>T_ADDRESS.ADR_ID</expression>
      </expression>
    </field>
    <field id="_AzJ9gEAIEe2tTJjc7xXTDQ" expand="true" name="Exception" parent="_AzJ9cEAIEe2tTJjc7xXTDQ" ref="resource.md#_YVS500AFEe2tTJjc7xXTDQ?fileId=_RjSaIEAFEe2tTJjc7xXTDQ$type=md$name=Exception?">
      <expression id="_hfuhVEAIEe2tTJjc7xXTDQ" setDescriptorRef="_hfuhUEAIEe2tTJjc7xXTDQ">
        <expression></expression>
      </expression>
    </field>
    <field id="_AzJ9fUAIEe2tTJjc7xXTDQ" name="state" parent="_AzJ9eEAIEe2tTJjc7xXTDQ" ref="resource.md#_YVS5xEAFEe2tTJjc7xXTDQ?fileId=_RjSaIEAFEe2tTJjc7xXTDQ$type=md$name=state?">
      <expression id="_hfuhVUAIEe2tTJjc7xXTDQ" setDescriptorRef="_hfuhUEAIEe2tTJjc7xXTDQ">
        <expression></expression>
      </expression>
    </field>
    <field id="_AzJ9ekAIEe2tTJjc7xXTDQ" name="latitude" parent="_AzJ9eEAIEe2tTJjc7xXTDQ" ref="resource.md#_YVS5tUAFEe2tTJjc7xXTDQ?fileId=_RjSaIEAFEe2tTJjc7xXTDQ$type=md$name=latitude?">
      <expression id="_hfuhVkAIEe2tTJjc7xXTDQ" setDescriptorRef="_hfuhUEAIEe2tTJjc7xXTDQ">
        <expression></expression>
      </expression>
    </field>
    <field id="_AzJ9eUAIEe2tTJjc7xXTDQ" name="city" parent="_AzJ9eEAIEe2tTJjc7xXTDQ" ref="resource.md#_YVS5sEAFEe2tTJjc7xXTDQ?fileId=_RjSaIEAFEe2tTJjc7xXTDQ$type=md$name=city?">
      <expression id="_hfuhV0AIEe2tTJjc7xXTDQ" setDescriptorRef="_hfuhUEAIEe2tTJjc7xXTDQ">
        <expression></expression>
      </expression>
    </field>
    <field id="_AzJ9dkAIEe2tTJjc7xXTDQ" expand="true" name="parameters" parent="_AzJ9dUAIEe2tTJjc7xXTDQ" ref="resource.md#_YVS5oEAFEe2tTJjc7xXTDQ?fileId=_RjSaIEAFEe2tTJjc7xXTDQ$type=md$name=parameters?">
      <expression id="_hfuhWEAIEe2tTJjc7xXTDQ" setDescriptorRef="_hfuhUEAIEe2tTJjc7xXTDQ">
        <expression></expression>
      </expression>
    </field>
    <field id="_AzJ9hkAIEe2tTJjc7xXTDQ" name="faultactor" parent="_AzJ9hUAIEe2tTJjc7xXTDQ" ref="resource.md#_YVS55UAFEe2tTJjc7xXTDQ?fileId=_RjSaIEAFEe2tTJjc7xXTDQ$type=md$name=faultactor?">
      <expression id="_hfuhWUAIEe2tTJjc7xXTDQ" setDescriptorRef="_hfuhUEAIEe2tTJjc7xXTDQ">
        <expression></expression>
      </expression>
    </field>
    <field id="_AzJ9fkAIEe2tTJjc7xXTDQ" name="street" parent="_AzJ9eEAIEe2tTJjc7xXTDQ" ref="resource.md#_YVS5yUAFEe2tTJjc7xXTDQ?fileId=_RjSaIEAFEe2tTJjc7xXTDQ$type=md$name=street?">
      <expression id="_hfuhWkAIEe2tTJjc7xXTDQ" setDescriptorRef="_hfuhUEAIEe2tTJjc7xXTDQ">
        <expression></expression>
      </expression>
    </field>
    <field id="_AzJ9cUAIEe2tTJjc7xXTDQ" expand="true" name="Input" parent="_AzJ9cEAIEe2tTJjc7xXTDQ" ref="resource.md#_YVS5kEAFEe2tTJjc7xXTDQ?fileId=_RjSaIEAFEe2tTJjc7xXTDQ$type=md?">
      <expression id="_hfuhW0AIEe2tTJjc7xXTDQ" setDescriptorRef="_hfuhUEAIEe2tTJjc7xXTDQ">
        <expression></expression>
      </expression>
    </field>
    <field id="_AzJ9fEAIEe2tTJjc7xXTDQ" name="number" parent="_AzJ9eEAIEe2tTJjc7xXTDQ" ref="resource.md#_YVS5v0AFEe2tTJjc7xXTDQ?fileId=_RjSaIEAFEe2tTJjc7xXTDQ$type=md$name=number?">
      <expression id="_hfuhXEAIEe2tTJjc7xXTDQ" setDescriptorRef="_hfuhUEAIEe2tTJjc7xXTDQ">
        <expression></expression>
      </expression>
    </field>
    <field id="_AzJ9g0AIEe2tTJjc7xXTDQ" name="message" parent="_AzJ9gkAIEe2tTJjc7xXTDQ" ref="resource.md#_YVS52kAFEe2tTJjc7xXTDQ?fileId=_RjSaIEAFEe2tTJjc7xXTDQ$type=md$name=message?">
      <expression id="_hfuhXUAIEe2tTJjc7xXTDQ" setDescriptorRef="_hfuhUEAIEe2tTJjc7xXTDQ">
        <expression></expression>
      </expression>
    </field>
    <field id="_AzJ9gkAIEe2tTJjc7xXTDQ" expand="true" name="Exception" parent="_AzJ9gUAIEe2tTJjc7xXTDQ" ref="resource.md#_YVS51UAFEe2tTJjc7xXTDQ?fileId=_RjSaIEAFEe2tTJjc7xXTDQ$type=md$name=Exception?">
      <expression id="_hfuhXkAIEe2tTJjc7xXTDQ" setDescriptorRef="_hfuhUEAIEe2tTJjc7xXTDQ">
        <expression></expression>
      </expression>
    </field>
    <field id="_AzJ9dUAIEe2tTJjc7xXTDQ" expand="true" name="Output" parent="_AzJ9cEAIEe2tTJjc7xXTDQ" ref="resource.md#_YVS5n0AFEe2tTJjc7xXTDQ?fileId=_RjSaIEAFEe2tTJjc7xXTDQ$type=md?">
      <expression id="_hfuhX0AIEe2tTJjc7xXTDQ" setDescriptorRef="_hfuhUEAIEe2tTJjc7xXTDQ">
        <expression></expression>
      </expression>
    </field>
    <field id="_AzJ9hUAIEe2tTJjc7xXTDQ" expand="true" name="fault" parent="_AzJ9hEAIEe2tTJjc7xXTDQ" ref="resource.md#_YVS54EAFEe2tTJjc7xXTDQ?fileId=_RjSaIEAFEe2tTJjc7xXTDQ$type=md$name=fault?">
      <expression id="_hfuhYEAIEe2tTJjc7xXTDQ" setDescriptorRef="_hfuhUEAIEe2tTJjc7xXTDQ">
        <expression></expression>
      </expression>
    </field>
    <field id="_AzJ9eEAIEe2tTJjc7xXTDQ" expand="true" name="return" parent="_AzJ9d0AIEe2tTJjc7xXTDQ" ref="resource.md#_YVS5qUAFEe2tTJjc7xXTDQ?fileId=_RjSaIEAFEe2tTJjc7xXTDQ$type=md$name=return?">
      <expression id="_hfuhYUAIEe2tTJjc7xXTDQ" setDescriptorRef="_hfuhUEAIEe2tTJjc7xXTDQ">
        <expression></expression>
      </expression>
    </field>
    <field id="_AzJ9e0AIEe2tTJjc7xXTDQ" name="longitude" parent="_AzJ9eEAIEe2tTJjc7xXTDQ" ref="resource.md#_YVS5ukAFEe2tTJjc7xXTDQ?fileId=_RjSaIEAFEe2tTJjc7xXTDQ$type=md$name=longitude?">
      <expression id="_hfuhYkAIEe2tTJjc7xXTDQ" setDescriptorRef="_hfuhUEAIEe2tTJjc7xXTDQ">
        <expression></expression>
      </expression>
    </field>
    <field id="_AzJ9hEAIEe2tTJjc7xXTDQ" expand="true" name="StandardFault" parent="_AzJ9cEAIEe2tTJjc7xXTDQ" ref="resource.md#_YVS530AFEe2tTJjc7xXTDQ?fileId=_RjSaIEAFEe2tTJjc7xXTDQ$type=md$name=StandardFault?">
      <expression id="_hfuhY0AIEe2tTJjc7xXTDQ" setDescriptorRef="_hfuhUEAIEe2tTJjc7xXTDQ">
        <expression></expression>
      </expression>
    </field>
    <field id="_AzJ9gUAIEe2tTJjc7xXTDQ" expand="true" name="fault" parent="_AzJ9gEAIEe2tTJjc7xXTDQ" ref="resource.md#_YVS51EAFEe2tTJjc7xXTDQ?fileId=_RjSaIEAFEe2tTJjc7xXTDQ$type=md$name=fault?">
      <expression id="_hfuhZEAIEe2tTJjc7xXTDQ" setDescriptorRef="_hfuhUEAIEe2tTJjc7xXTDQ">
        <expression></expression>
      </expression>
    </field>
    <field id="_AzJ9c0AIEe2tTJjc7xXTDQ" expand="true" name="geocode_address" parent="_AzJ9ckAIEe2tTJjc7xXTDQ" ref="resource.md#_YVS5lUAFEe2tTJjc7xXTDQ?fileId=_RjSaIEAFEe2tTJjc7xXTDQ$type=md$name=geocode_address?">
      <expression id="_hfuhZUAIEe2tTJjc7xXTDQ" setDescriptorRef="_hfuhUEAIEe2tTJjc7xXTDQ">
        <expression></expression>
      </expression>
    </field>
    <field id="_AzJ9dEAIEe2tTJjc7xXTDQ" enable="true" insert="true" name="address" parent="_AzJ9c0AIEe2tTJjc7xXTDQ" ref="resource.md#_YVS5mkAFEe2tTJjc7xXTDQ?fileId=_RjSaIEAFEe2tTJjc7xXTDQ$type=md$name=address?" update="true">
      <expression id="_hfuhZkAIEe2tTJjc7xXTDQ" setDescriptorRef="_hfuhUEAIEe2tTJjc7xXTDQ">
        <expression><![CDATA[T_ADDRESS.ADR_LINE1 
+ case when T_ADDRESS.ADR_LINE2 is not null then ', ' 
+ T_ADDRESS.ADR_LINE2 end 
+ case when T_ADDRESS.ADR_LINE3 is not null then ', ' 
+ T_ADDRESS.ADR_LINE3 end 
+ case when T_ADDRESS.ADR_LINE4 is not null then ', ' 
+ T_ADDRESS.ADR_LINE4 end 
+ T_ADDRESS.ADR_CITY 
+ ' ' 
+ T_ADDRESS.ADR_STATE_CODE 
+ ' ' 
+ T_ADDRESS.ADR_ZIP_CODE]]></expression>
      </expression>
    </field>
    <field id="_AzJ9f0AIEe2tTJjc7xXTDQ" name="zip" parent="_AzJ9eEAIEe2tTJjc7xXTDQ" ref="resource.md#_YVS5zkAFEe2tTJjc7xXTDQ?fileId=_RjSaIEAFEe2tTJjc7xXTDQ$type=md$name=zip?">
      <expression id="_hfuhZ0AIEe2tTJjc7xXTDQ" setDescriptorRef="_hfuhUEAIEe2tTJjc7xXTDQ">
        <expression></expression>
      </expression>
    </field>
    <field id="_AzJ9h0AIEe2tTJjc7xXTDQ" name="faultcode" parent="_AzJ9hUAIEe2tTJjc7xXTDQ" ref="resource.md#_YVS54UAFEe2tTJjc7xXTDQ?fileId=_RjSaIEAFEe2tTJjc7xXTDQ$type=md$name=faultcode?">
      <expression id="_hfuhaEAIEe2tTJjc7xXTDQ" setDescriptorRef="_hfuhUEAIEe2tTJjc7xXTDQ">
        <expression></expression>
      </expression>
    </field>
    <field id="_AzJ9ckAIEe2tTJjc7xXTDQ" expand="true" name="parameters" parent="_AzJ9cUAIEe2tTJjc7xXTDQ" ref="resource.md#_YVS5kUAFEe2tTJjc7xXTDQ?fileId=_RjSaIEAFEe2tTJjc7xXTDQ$type=md$name=parameters?">
      <expression id="_hfuhaUAIEe2tTJjc7xXTDQ" setDescriptorRef="_hfuhUEAIEe2tTJjc7xXTDQ">
        <expression></expression>
      </expression>
    </field>
    <setDescriptor id="_hfuhUEAIEe2tTJjc7xXTDQ" label="A"/>
  </datastore>
  <template id="_hfuhiUAIEe2tTJjc7xXTDQ" name="I_geocode_address" process="resource.proc#_oO96sQXbEd-3ZKnpc_AwVw?fileId=_oO96sQXbEd-3ZKnpc_AwVw$type=proc$name=INTEGRATION%20Rdbms%20to%20Wsdl?" targetId="_AzIvUEAIEe2tTJjc7xXTDQ"/>
  <dataSet id="_kG1N0EAFEe2tTJjc7xXTDQ">
    <container>_kGhr0EAFEe2tTJjc7xXTDQ</container>
  </dataSet>
  <dataSet id="_AzMZsEAIEe2tTJjc7xXTDQ">
    <container>_AzIvUEAIEe2tTJjc7xXTDQ</container>
  </dataSet>
  <hint>
    <usedField>#_kGsD4UAFEe2tTJjc7xXTDQ</usedField>
    <usedField>#_kGsD5EAFEe2tTJjc7xXTDQ</usedField>
    <usedField>#_kGsD5kAFEe2tTJjc7xXTDQ</usedField>
    <usedField>#_kGsD50AFEe2tTJjc7xXTDQ</usedField>
    <usedField>#_kGsD6EAFEe2tTJjc7xXTDQ</usedField>
    <usedField>#_kGsD6UAFEe2tTJjc7xXTDQ</usedField>
    <usedField>#_kGsD40AFEe2tTJjc7xXTDQ</usedField>
    <usedField>#_kGsD5UAFEe2tTJjc7xXTDQ</usedField>
  </hint>
  <diagram><![CDATA[<?xml version="1.0" encoding="UTF-8"?>
<notation:Diagram xmi:version="2.0" xmlns:xmi="http://www.omg.org/XMI" xmlns:xsi="http://www.w3.org/2001/XMLSchema-instance" xmlns:map="http://www.indy.com/v2/map" xmlns:notation="http://www.eclipse.org/gmf/runtime/1.0.1/notation" xsi:schemaLocation="http://www.eclipse.org/gmf/runtime/1.0.1/notation " xmi:id="_hiaJQEAFEe2tTJjc7xXTDQ" type="Map" measurementUnit="Pixel">
  <children xmi:type="notation:Shape" xmi:id="_kG--0EAFEe2tTJjc7xXTDQ" type="2004" fontName="Segoe UI">
    <children xmi:type="notation:DecorationNode" xmi:id="_kG--0kAFEe2tTJjc7xXTDQ" type="5005"/>
    <children xmi:type="notation:DecorationNode" xmi:id="_kG--00AFEe2tTJjc7xXTDQ" type="5007"/>
    <children xmi:type="notation:DecorationNode" xmi:id="_kG--1EAFEe2tTJjc7xXTDQ" type="7003"/>
    <children xmi:type="notation:DecorationNode" xmi:id="_kG--1UAFEe2tTJjc7xXTDQ" type="7009"/>
    <children xmi:type="notation:BasicCompartment" xmi:id="_kG--1kAFEe2tTJjc7xXTDQ" type="7004">
      <styles xmi:type="notation:SortingStyle" xmi:id="_kG--10AFEe2tTJjc7xXTDQ"/>
      <styles xmi:type="notation:FilteringStyle" xmi:id="_kG--2EAFEe2tTJjc7xXTDQ"/>
    </children>
    <children xmi:type="notation:DecorationNode" xmi:id="_kG--2UAFEe2tTJjc7xXTDQ" type="5009">
      <styles xmi:type="notation:DrawerStyle" xmi:id="_kG--2kAFEe2tTJjc7xXTDQ"/>
    </children>
    <children xmi:type="notation:DecorationNode" xmi:id="_kG--20AFEe2tTJjc7xXTDQ" type="7005">
      <styles xmi:type="notation:SortingStyle" xmi:id="_kG--3EAFEe2tTJjc7xXTDQ"/>
      <styles xmi:type="notation:FilteringStyle" xmi:id="_kG--3UAFEe2tTJjc7xXTDQ"/>
    </children>
    <children xmi:type="notation:BasicCompartment" xmi:id="_kIKDgEAFEe2tTJjc7xXTDQ" type="7007"/>
    <children xmi:type="notation:DecorationNode" xmi:id="_kIKDgUAFEe2tTJjc7xXTDQ" type="5009">
      <styles xmi:type="notation:DrawerStyle" xmi:id="_kIKDgkAFEe2tTJjc7xXTDQ"/>
    </children>
    <element xmi:type="map:Datastore" href="resource.map#_kGhr0EAFEe2tTJjc7xXTDQ?fileId=_hdel8EAFEe2tTJjc7xXTDQ$type=map?"/>
    <layoutConstraint xmi:type="notation:Bounds" xmi:id="_kG--0UAFEe2tTJjc7xXTDQ" x="62" y="243"/>
  </children>
  <children xmi:type="notation:Shape" xmi:id="_AzOO4EAIEe2tTJjc7xXTDQ" type="2004" fontName="Segoe UI">
    <children xmi:type="notation:DecorationNode" xmi:id="_AzOO4kAIEe2tTJjc7xXTDQ" type="5005"/>
    <children xmi:type="notation:DecorationNode" xmi:id="_AzOO40AIEe2tTJjc7xXTDQ" type="5007"/>
    <children xmi:type="notation:DecorationNode" xmi:id="_AzOO5EAIEe2tTJjc7xXTDQ" type="7003"/>
    <children xmi:type="notation:DecorationNode" xmi:id="_AzOO5UAIEe2tTJjc7xXTDQ" type="7009"/>
    <children xmi:type="notation:BasicCompartment" xmi:id="_AzOO5kAIEe2tTJjc7xXTDQ" type="7004">
      <styles xmi:type="notation:SortingStyle" xmi:id="_AzOO50AIEe2tTJjc7xXTDQ"/>
      <styles xmi:type="notation:FilteringStyle" xmi:id="_AzOO6EAIEe2tTJjc7xXTDQ"/>
    </children>
    <children xmi:type="notation:DecorationNode" xmi:id="_AzOO6UAIEe2tTJjc7xXTDQ" type="5009">
      <styles xmi:type="notation:DrawerStyle" xmi:id="_AzOO6kAIEe2tTJjc7xXTDQ"/>
    </children>
    <children xmi:type="notation:DecorationNode" xmi:id="_AzOO60AIEe2tTJjc7xXTDQ" type="7005">
      <styles xmi:type="notation:SortingStyle" xmi:id="_AzOO7EAIEe2tTJjc7xXTDQ"/>
      <styles xmi:type="notation:FilteringStyle" xmi:id="_AzOO7UAIEe2tTJjc7xXTDQ"/>
    </children>
    <children xmi:type="notation:BasicCompartment" xmi:id="_AzOO7kAIEe2tTJjc7xXTDQ" type="7007"/>
    <element xmi:type="map:Datastore" href="resource.map#_AzIvUEAIEe2tTJjc7xXTDQ?fileId=_hdel8EAFEe2tTJjc7xXTDQ$type=map?"/>
    <layoutConstraint xmi:type="notation:Bounds" xmi:id="_AzOO4UAIEe2tTJjc7xXTDQ" x="545" y="188"/>
  </children>
  <styles xmi:type="notation:DiagramStyle" xmi:id="_hiaJQUAFEe2tTJjc7xXTDQ"/>
  <element xmi:type="map:Map" href="resource.map#_hdel8EAFEe2tTJjc7xXTDQ?fileId=_hdel8EAFEe2tTJjc7xXTDQ$type=map$name=Invoke%20Geocoder?"/>
  <edges xmi:type="notation:Edge" xmi:id="_hf45ZkAIEe2tTJjc7xXTDQ" type="targetLink" source="_AzOO4EAIEe2tTJjc7xXTDQ" target="_kG--0EAFEe2tTJjc7xXTDQ">
    <element xsi:nil="true"/>
    <bendpoints xmi:type="notation:RelativeBendpoints" xmi:id="_hf45Z0AIEe2tTJjc7xXTDQ" points="[-210, -41, 458, 87]$[-521, -100, 147, 28]"/>
  </edges>
  <edges xmi:type="notation:Edge" xmi:id="_hf45akAIEe2tTJjc7xXTDQ" type="targetDataSetLink" source="_AzOO4EAIEe2tTJjc7xXTDQ" target="_AzOO4EAIEe2tTJjc7xXTDQ">
    <element xmi:type="map:DataSet" href="resource.map#_kG1N0EAFEe2tTJjc7xXTDQ?fileId=_hdel8EAFEe2tTJjc7xXTDQ$type=map?"/>
    <bendpoints xmi:type="notation:RelativeBendpoints" xmi:id="_hf45a0AIEe2tTJjc7xXTDQ" points="[0, 0, 0, 0]$[0, 0, 0, 0]"/>
  </edges>
  <edges xmi:type="notation:Edge" xmi:id="_hf45bEAIEe2tTJjc7xXTDQ" type="targetSetLink" source="_AzOO4EAIEe2tTJjc7xXTDQ" target="_AzOO4EAIEe2tTJjc7xXTDQ">
    <element xmi:type="map:SetDescriptor" href="resource.map#_hfuhUEAIEe2tTJjc7xXTDQ?fileId=_hdel8EAFEe2tTJjc7xXTDQ$type=map?"/>
    <bendpoints xmi:type="notation:RelativeBendpoints" xmi:id="_hf45bUAIEe2tTJjc7xXTDQ" points="[0, 0, 0, 0]$[0, 0, 0, 0]"/>
  </edges>
</notation:Diagram>
]]></diagram>
</map:map>